EN ftclex_mxilinx_toplevel NULL D:/Users/Butle/Documents/exilinks/toplevel.vhf sub00/vhpl62 1494316485
AR programcounter behavioral D:/Users/Butle/Documents/exilinks/ProgramCounter.vhf sub01/vhpl137 1494316558
AR datamem_muser_toplevel behavioral D:/Users/Butle/Documents/exilinks/toplevel.vhf sub00/vhpl53 1494316476
AR mux8x2to1_muser_displaynumbers behavioral D:/Users/Butle/Documents/exilinks/DisplayNumbers.vhf sub00/vhpl99 1494316524
EN fa8 NULL D:/Users/Butle/Documents/exilinks/Modules/addsub8.vhd sub00/vhpl18 1494312147
EN dcm_50m NULL D:/Users/Butle/Documents/exilinks/Modules/DCM_50M.vhd sub00/vhpl24 1494316445
AR ftclex_mxilinx_toplevel behavioral D:/Users/Butle/Documents/exilinks/toplevel.vhf sub00/vhpl63 1494316486
AR m2_1b1_mxilinx_toplevel behavioral D:/Users/Butle/Documents/exilinks/toplevel.vhf sub00/vhpl61 1494316484
EN twoscomp_muser_addsub_alu NULL D:/Users/Butle/Documents/exilinks/AddSub_ALU.vhf sub00/vhpl84 1494316507
EN displaynumbers_muser_toplevel NULL D:/Users/Butle/Documents/exilinks/toplevel.vhf sub00/vhpl58 1494316481
AR mux8x2to1_muser_twoscomp behavioral D:/Users/Butle/Documents/exilinks/TwosComp.vhf sub01/vhpl169 1494316590
EN fjkc_mxilinx_registerc NULL D:/Users/Butle/Documents/exilinks/RegisterC.vhf sub01/vhpl148 1494316569
AR twoscomp behavioral D:/Users/Butle/Documents/exilinks/TwosComp.vhf sub01/vhpl173 1494316594
EN inputstate_muser_toplevel NULL D:/Users/Butle/Documents/exilinks/toplevel.vhf sub00/vhpl50 1494316473
AR demux1to16_muser_toplevel behavioral D:/Users/Butle/Documents/exilinks/toplevel.vhf sub00/vhpl45 1494316468
EN registerc_muser_toplevel NULL D:/Users/Butle/Documents/exilinks/toplevel.vhf sub00/vhpl32 1494316453
AR add8_mxilinx_toplevel behavioral D:/Users/Butle/Documents/exilinks/toplevel.vhf sub00/vhpl39 1494316460
EN mux8x2to1_muser_instructionmem NULL D:/Users/Butle/Documents/exilinks/InstructionMem.vhf sub01/vhpl116 1494316537
EN cb8cled_mxilinx_programcounter NULL D:/Users/Butle/Documents/exilinks/ProgramCounter.vhf sub01/vhpl134 1494316555
EN twoscomp_muser_toplevel NULL D:/Users/Butle/Documents/exilinks/toplevel.vhf sub00/vhpl40 1494316461
AR instructiondecode behavioral D:/Users/Butle/Documents/exilinks/InstructionDecode.vhf sub01/vhpl113 1494316534
AR registergeneric behavioral D:/Users/Butle/Documents/exilinks/RegisterGeneric.vhf sub01/vhpl165 1494316586
EN m2_1_mxilinx_programcounter NULL D:/Users/Butle/Documents/exilinks/ProgramCounter.vhf sub01/vhpl124 1494316545
AR instructionmem_muser_toplevel behavioral D:/Users/Butle/Documents/exilinks/toplevel.vhf sub00/vhpl55 1494316478
AR addsub8 behavioral D:/Users/Butle/Documents/exilinks/Modules/addsub8.vhd sub00/vhpl21 1494312150
EN sel_strobeb NULL D:/Users/Butle/Documents/exilinks/Modules/sel_strobeB.vhd sub00/vhpl10 1494316439
EN ssd_1dig NULL D:/Users/Butle/Documents/exilinks/Modules/SSD_1dig.vhd sub00/vhpl22 1494316443
EN registergeneric_muser_toplevel NULL D:/Users/Butle/Documents/exilinks/toplevel.vhf sub00/vhpl28 1494316449
EN adsu8_mxilinx_addsub_alu NULL D:/Users/Butle/Documents/exilinks/AddSub_ALU.vhf sub01/vhpl180 1494316509
AR fd4ce_mxilinx_keypad behavioral D:/Users/Butle/Documents/exilinks/KeyPad.vhf sub01/vhpl121 1494316542
AR mux8x2to1_muser_instructionmem behavioral D:/Users/Butle/Documents/exilinks/InstructionMem.vhf sub01/vhpl117 1494316538
EN demux1to16_muser_toplevel NULL D:/Users/Butle/Documents/exilinks/toplevel.vhf sub00/vhpl44 1494316467
AR registera_muser_toplevel behavioral D:/Users/Butle/Documents/exilinks/toplevel.vhf sub00/vhpl49 1494316472
EN registera_muser_toplevel NULL D:/Users/Butle/Documents/exilinks/toplevel.vhf sub00/vhpl48 1494316471
AR m2_1_mxilinx_programcounter behavioral D:/Users/Butle/Documents/exilinks/ProgramCounter.vhf sub01/vhpl125 1494316546
AR sram32x8_ex_pgm_data behavioral D:/Users/Butle/Documents/exilinks/Modules/sRAM32x8_ex_pgm_data.vhd sub00/vhpl13 1494316442
EN mux8x2to1_muser_datamem NULL D:/Users/Butle/Documents/exilinks/DataMem.vhf sub00/vhpl92 1494316517
AR m2_1_mxilinx_twoscomp behavioral D:/Users/Butle/Documents/exilinks/TwosComp.vhf sub01/vhpl167 1494316588
EN fd4ce_mxilinx_keypad NULL D:/Users/Butle/Documents/exilinks/KeyPad.vhf sub01/vhpl120 1494316541
AR inputstate_muser_toplevel behavioral D:/Users/Butle/Documents/exilinks/toplevel.vhf sub00/vhpl51 1494316474
AR m4_1e_mxilinx_toplevel behavioral D:/Users/Butle/Documents/exilinks/toplevel.vhf sub00/vhpl71 1494316494
EN m2_1_mxilinx_datamem NULL D:/Users/Butle/Documents/exilinks/DataMem.vhf sub00/vhpl90 1494316515
AR add8_mxilinx_addsub_alu behavioral D:/Users/Butle/Documents/exilinks/AddSub_ALU.vhf sub00/vhpl83 1494316506
EN datamem NULL D:/Users/Butle/Documents/exilinks/DataMem.vhf sub00/vhpl94 1494316519
EN mux8x2to1_muser_registera NULL D:/Users/Butle/Documents/exilinks/RegisterA.vhf sub01/vhpl140 1494316561
AR displaynumbers_muser_toplevel behavioral D:/Users/Butle/Documents/exilinks/toplevel.vhf sub00/vhpl59 1494316482
EN instructionmem_muser_toplevel NULL D:/Users/Butle/Documents/exilinks/toplevel.vhf sub00/vhpl54 1494316477
EN iod8 NULL D:/Users/Butle/Documents/exilinks/Modules/addsub8.vhd sub00/vhpl16 1494312145
EN fd8ce_mxilinx_toplevel NULL D:/Users/Butle/Documents/exilinks/toplevel.vhf sub00/vhpl26 1494316447
AR mux4ssd behavioral D:/Users/Butle/Documents/exilinks/Modules/mux4SSD.vhd sub00/vhpl09 1494316438
AR keycr4b behavioral D:/Users/Butle/Documents/exilinks/Modules/keyCR4b.vhd sub00/vhpl03 1494316432
EN m2_1_mxilinx_addsub_alu NULL D:/Users/Butle/Documents/exilinks/AddSub_ALU.vhf sub00/vhpl78 1494316501
EN keypad_muser_toplevel NULL D:/Users/Butle/Documents/exilinks/toplevel.vhf sub00/vhpl74 1494316497
AR mux4x2to1_muser_displaynumbers behavioral D:/Users/Butle/Documents/exilinks/DisplayNumbers.vhf sub01/vhpl105 1494316526
AR m2_1_mxilinx_mux4x2to1 behavioral D:/Users/Butle/Documents/exilinks/mux4x2to1.vhf sub01/vhpl159 1494316580
AR instructiondecode_muser_toplevel behavioral D:/Users/Butle/Documents/exilinks/toplevel.vhf sub00/vhpl47 1494316470
AR m2_1_mxilinx_mux8x2to1 behavioral D:/Users/Butle/Documents/exilinks/mux8x2to1.vhf sub01/vhpl175 1494316596
EN mux8x2to1_muser_toplevel NULL D:/Users/Butle/Documents/exilinks/toplevel.vhf sub00/vhpl36 1494316457
EN fd4ce_mxilinx_toplevel NULL D:/Users/Butle/Documents/exilinks/toplevel.vhf sub00/vhpl72 1494316495
AR registerc_muser_toplevel behavioral D:/Users/Butle/Documents/exilinks/toplevel.vhf sub00/vhpl33 1494316454
AR addsub_alu behavioral D:/Users/Butle/Documents/exilinks/AddSub_ALU.vhf sub00/vhpl89 1494316514
AR keypad_muser_toplevel behavioral D:/Users/Butle/Documents/exilinks/toplevel.vhf sub00/vhpl75 1494316498
EN demux1to16_muser_instructiondecode NULL D:/Users/Butle/Documents/exilinks/InstructionDecode.vhf sub01/vhpl110 1494316531
AR fa8 postmodern D:/Users/Butle/Documents/exilinks/Modules/addsub8.vhd sub00/vhpl19 1494312148
EN fd8ce_mxilinx_registergeneric NULL D:/Users/Butle/Documents/exilinks/RegisterGeneric.vhf sub01/vhpl162 1494316583
AR twoscomp_muser_toplevel behavioral D:/Users/Butle/Documents/exilinks/toplevel.vhf sub00/vhpl41 1494316462
AR mux8x2to1_muser_registera behavioral D:/Users/Butle/Documents/exilinks/RegisterA.vhf sub01/vhpl141 1494316562
EN m2_1_mxilinx_toplevel NULL D:/Users/Butle/Documents/exilinks/toplevel.vhf sub00/vhpl34 1494316455
AR cb8cled_mxilinx_toplevel behavioral D:/Users/Butle/Documents/exilinks/toplevel.vhf sub00/vhpl65 1494316488
EN m2_1_mxilinx_instructionmem NULL D:/Users/Butle/Documents/exilinks/InstructionMem.vhf sub01/vhpl114 1494316535
EN m2_1e_mxilinx_toplevel NULL D:/Users/Butle/Documents/exilinks/toplevel.vhf sub00/vhpl68 1494316491
AR fd8ce_mxilinx_registerc behavioral D:/Users/Butle/Documents/exilinks/RegisterC.vhf sub01/vhpl151 1494316572
EN sram32x8_ex_pgm_data NULL D:/Users/Butle/Documents/exilinks/Modules/sRAM32x8_ex_pgm_data.vhd sub00/vhpl12 1494316441
EN m2_1_mxilinx_mux8x2to1 NULL D:/Users/Butle/Documents/exilinks/mux8x2to1.vhf sub01/vhpl174 1494316595
AR crenc4bin behavioral D:/Users/Butle/Documents/exilinks/Modules/CRenc4bin.vhd sub00/vhpl01 1494316430
EN toplevel NULL D:/Users/Butle/Documents/exilinks/toplevel.vhf sub00/vhpl76 1494316499
EN addsub8 NULL D:/Users/Butle/Documents/exilinks/Modules/addsub8.vhd sub00/vhpl20 1494312149
AR fulladd minimalist D:/Users/Butle/Documents/exilinks/Modules/addsub8.vhd sub00/vhpl15 1494312144
EN mux8x2to1_muser_addsub_alu NULL D:/Users/Butle/Documents/exilinks/AddSub_ALU.vhf sub00/vhpl80 1494316503
EN displaynumbers NULL D:/Users/Butle/Documents/exilinks/DisplayNumbers.vhf sub01/vhpl106 1494316527
AR mux8x2to1_muser_programcounter behavioral D:/Users/Butle/Documents/exilinks/ProgramCounter.vhf sub01/vhpl127 1494316548
EN fjkc_mxilinx_toplevel NULL D:/Users/Butle/Documents/exilinks/toplevel.vhf sub00/vhpl30 1494316451
AR m2_1_mxilinx_addsub_alu behavioral D:/Users/Butle/Documents/exilinks/AddSub_ALU.vhf sub00/vhpl79 1494316502
EN fjkc_mxilinx_addsub_alu NULL D:/Users/Butle/Documents/exilinks/AddSub_ALU.vhf sub00/vhpl86 1494316511
AR add8_mxilinx_twoscomp behavioral D:/Users/Butle/Documents/exilinks/TwosComp.vhf sub01/vhpl171 1494316592
AR fd8ce_mxilinx_registera behavioral D:/Users/Butle/Documents/exilinks/RegisterA.vhf sub01/vhpl143 1494316564
AR fd8ce_mxilinx_registergeneric behavioral D:/Users/Butle/Documents/exilinks/RegisterGeneric.vhf sub01/vhpl163 1494316584
EN mux8x2to1_muser_twoscomp NULL D:/Users/Butle/Documents/exilinks/TwosComp.vhf sub01/vhpl168 1494316589
EN bin2bcd3en NULL D:/Users/Butle/Documents/exilinks/Modules/bin2BCD3en.vhd sub00/vhpl06 1494316435
EN keypad NULL D:/Users/Butle/Documents/exilinks/KeyPad.vhf sub01/vhpl122 1494316543
EN addsub_alu_muser_toplevel NULL D:/Users/Butle/Documents/exilinks/toplevel.vhf sub00/vhpl42 1494316465
EN m2_1b1_mxilinx_toplevel NULL D:/Users/Butle/Documents/exilinks/toplevel.vhf sub00/vhpl60 1494316483
AR add8_mxilinx_displaynumbers behavioral D:/Users/Butle/Documents/exilinks/DisplayNumbers.vhf sub01/vhpl101 1494313067
EN demux1to16 NULL D:/Users/Butle/Documents/exilinks/Demux1to16.vhf sub01/vhpl156 1494316577
EN keycr4b NULL D:/Users/Butle/Documents/exilinks/Modules/keyCR4b.vhd sub00/vhpl02 1494316431
AR mux4x2to1 behavioral D:/Users/Butle/Documents/exilinks/mux4x2to1.vhf sub01/vhpl161 1494316582
AR inputstate behavioral D:/Users/Butle/Documents/exilinks/InputState.vhf sub01/vhpl109 1494316530
AR fjkc_mxilinx_addsub_alu behavioral D:/Users/Butle/Documents/exilinks/AddSub_ALU.vhf sub00/vhpl87 1494316512
AR mux8x2to1 behavioral D:/Users/Butle/Documents/exilinks/mux8x2to1.vhf sub01/vhpl177 1494316598
AR m2_1b1_mxilinx_programcounter behavioral D:/Users/Butle/Documents/exilinks/ProgramCounter.vhf sub01/vhpl131 1494316552
AR addsub_alu_muser_toplevel behavioral D:/Users/Butle/Documents/exilinks/toplevel.vhf sub00/vhpl43 1494316466
AR displaynumbers behavioral D:/Users/Butle/Documents/exilinks/DisplayNumbers.vhf sub01/vhpl107 1494316528
EN registergeneric_muser_registera NULL D:/Users/Butle/Documents/exilinks/RegisterA.vhf sub01/vhpl144 1494316565
AR fjkc_mxilinx_registerc behavioral D:/Users/Butle/Documents/exilinks/RegisterC.vhf sub01/vhpl149 1494316570
EN registergeneric_muser_registerc NULL D:/Users/Butle/Documents/exilinks/RegisterC.vhf sub01/vhpl152 1494316573
AR sel_strobeb behavioral D:/Users/Butle/Documents/exilinks/Modules/sel_strobeB.vhd sub00/vhpl11 1494316440
EN fulladd NULL D:/Users/Butle/Documents/exilinks/Modules/addsub8.vhd sub00/vhpl14 1494312143
AR ssd_1dig behavioral D:/Users/Butle/Documents/exilinks/Modules/SSD_1dig.vhd sub00/vhpl23 1494316444
EN m2_1_mxilinx_twoscomp NULL D:/Users/Butle/Documents/exilinks/TwosComp.vhf sub01/vhpl166 1494316587
AR programcounter_muser_toplevel behavioral D:/Users/Butle/Documents/exilinks/toplevel.vhf sub00/vhpl67 1494316490
AR cb8cled_mxilinx_programcounter behavioral D:/Users/Butle/Documents/exilinks/ProgramCounter.vhf sub01/vhpl135 1494316556
EN instructiondecode_muser_toplevel NULL D:/Users/Butle/Documents/exilinks/toplevel.vhf sub00/vhpl46 1494316469
EN addsub_alu NULL D:/Users/Butle/Documents/exilinks/AddSub_ALU.vhf sub00/vhpl88 1494316513
EN mux4ssd NULL D:/Users/Butle/Documents/exilinks/Modules/mux4SSD.vhd sub00/vhpl08 1494316437
EN mux4x2to1_muser_toplevel NULL D:/Users/Butle/Documents/exilinks/toplevel.vhf sub00/vhpl56 1494316479
EN m2_1_mxilinx_registera NULL D:/Users/Butle/Documents/exilinks/RegisterA.vhf sub01/vhpl138 1494316559
EN twoscomp NULL D:/Users/Butle/Documents/exilinks/TwosComp.vhf sub01/vhpl172 1494316593
AR m2_1_mxilinx_datamem behavioral D:/Users/Butle/Documents/exilinks/DataMem.vhf sub00/vhpl91 1494316516
AR datamem behavioral D:/Users/Butle/Documents/exilinks/DataMem.vhf sub00/vhpl95 1494316520
EN programcounter NULL D:/Users/Butle/Documents/exilinks/ProgramCounter.vhf sub01/vhpl136 1494316557
AR sram32x8_ex_pgm_instr behavioral D:/Users/Butle/Documents/exilinks/Modules/sRAM32x8_ex_pgm_instr.vhd sub00/vhpl05 1494316434
AR adsu8_mxilinx_toplevel behavioral D:/Users/Butle/Documents/exilinks/toplevel.vhf sub01/vhpl179 1494316464
AR mux8x2to1_muser_toplevel behavioral D:/Users/Butle/Documents/exilinks/toplevel.vhf sub00/vhpl37 1494316458
EN add8_mxilinx_toplevel NULL D:/Users/Butle/Documents/exilinks/toplevel.vhf sub00/vhpl38 1494316459
EN mux8x2to1_muser_displaynumbers NULL D:/Users/Butle/Documents/exilinks/DisplayNumbers.vhf sub00/vhpl98 1494316523
AR registergeneric_muser_toplevel behavioral D:/Users/Butle/Documents/exilinks/toplevel.vhf sub00/vhpl29 1494316450
EN m2_1_mxilinx_mux4x2to1 NULL D:/Users/Butle/Documents/exilinks/mux4x2to1.vhf sub01/vhpl158 1494316579
AR toplevel behavioral D:/Users/Butle/Documents/exilinks/toplevel.vhf sub00/vhpl77 1494316500
EN twoscomp_muser_displaynumbers NULL D:/Users/Butle/Documents/exilinks/DisplayNumbers.vhf sub01/vhpl102 1494313068
AR mux8x2to1_muser_datamem behavioral D:/Users/Butle/Documents/exilinks/DataMem.vhf sub00/vhpl93 1494316518
AR twoscomp_muser_displaynumbers behavioral D:/Users/Butle/Documents/exilinks/DisplayNumbers.vhf sub01/vhpl103 1494313069
AR m2_1_mxilinx_registera behavioral D:/Users/Butle/Documents/exilinks/RegisterA.vhf sub01/vhpl139 1494316560
EN mux8x2to1 NULL D:/Users/Butle/Documents/exilinks/mux8x2to1.vhf sub01/vhpl176 1494316597
AR instructionmem behavioral D:/Users/Butle/Documents/exilinks/InstructionMem.vhf sub01/vhpl119 1494316540
EN cb8cled_mxilinx_toplevel NULL D:/Users/Butle/Documents/exilinks/toplevel.vhf sub00/vhpl64 1494316487
EN ftclex_mxilinx_programcounter NULL D:/Users/Butle/Documents/exilinks/ProgramCounter.vhf sub01/vhpl132 1494316553
AR ftclex_mxilinx_programcounter behavioral D:/Users/Butle/Documents/exilinks/ProgramCounter.vhf sub01/vhpl133 1494316554
AR m2_1_mxilinx_displaynumbers behavioral D:/Users/Butle/Documents/exilinks/DisplayNumbers.vhf sub00/vhpl97 1494316522
EN sram32x8_ex_pgm_instr NULL D:/Users/Butle/Documents/exilinks/Modules/sRAM32x8_ex_pgm_instr.vhd sub00/vhpl04 1494316433
AR fjkc_mxilinx_toplevel behavioral D:/Users/Butle/Documents/exilinks/toplevel.vhf sub00/vhpl31 1494316452
AR fjkc_mxilinx_programcounter behavioral D:/Users/Butle/Documents/exilinks/ProgramCounter.vhf sub01/vhpl129 1494316550
EN m4_1e_mxilinx_toplevel NULL D:/Users/Butle/Documents/exilinks/toplevel.vhf sub00/vhpl70 1494316493
EN inputstate NULL D:/Users/Butle/Documents/exilinks/InputState.vhf sub01/vhpl108 1494316529
EN registergeneric NULL D:/Users/Butle/Documents/exilinks/RegisterGeneric.vhf sub01/vhpl164 1494316585
AR fd8ce_mxilinx_toplevel behavioral D:/Users/Butle/Documents/exilinks/toplevel.vhf sub00/vhpl27 1494316448
AR registergeneric_muser_registerc behavioral D:/Users/Butle/Documents/exilinks/RegisterC.vhf sub01/vhpl153 1494316574
AR iod8 corinthian D:/Users/Butle/Documents/exilinks/Modules/addsub8.vhd sub00/vhpl17 1494312146
AR m2_1_mxilinx_toplevel behavioral D:/Users/Butle/Documents/exilinks/toplevel.vhf sub00/vhpl35 1494316456
AR demux1to16 behavioral D:/Users/Butle/Documents/exilinks/Demux1to16.vhf sub01/vhpl157 1494316578
EN mux4x2to1_muser_displaynumbers NULL D:/Users/Butle/Documents/exilinks/DisplayNumbers.vhf sub01/vhpl104 1494316525
EN mux8x2to1_muser_programcounter NULL D:/Users/Butle/Documents/exilinks/ProgramCounter.vhf sub01/vhpl126 1494316547
AR twoscomp_muser_addsub_alu behavioral D:/Users/Butle/Documents/exilinks/AddSub_ALU.vhf sub00/vhpl85 1494316508
AR m2_1e_mxilinx_toplevel behavioral D:/Users/Butle/Documents/exilinks/toplevel.vhf sub00/vhpl69 1494316492
EN adsu8_mxilinx_toplevel NULL D:/Users/Butle/Documents/exilinks/toplevel.vhf sub01/vhpl178 1494316463
EN add8_mxilinx_twoscomp NULL D:/Users/Butle/Documents/exilinks/TwosComp.vhf sub01/vhpl170 1494316591
EN programcounter_muser_toplevel NULL D:/Users/Butle/Documents/exilinks/toplevel.vhf sub00/vhpl66 1494316489
AR demux1to16_muser_instructiondecode behavioral D:/Users/Butle/Documents/exilinks/InstructionDecode.vhf sub01/vhpl111 1494316532
AR fd4ce_mxilinx_toplevel behavioral D:/Users/Butle/Documents/exilinks/toplevel.vhf sub00/vhpl73 1494316496
EN m2_1b1_mxilinx_programcounter NULL D:/Users/Butle/Documents/exilinks/ProgramCounter.vhf sub01/vhpl130 1494316551
EN datamem_muser_toplevel NULL D:/Users/Butle/Documents/exilinks/toplevel.vhf sub00/vhpl52 1494316475
EN add8_mxilinx_displaynumbers NULL D:/Users/Butle/Documents/exilinks/DisplayNumbers.vhf sub01/vhpl100 1494313066
AR registerc behavioral D:/Users/Butle/Documents/exilinks/RegisterC.vhf sub01/vhpl155 1494316576
AR adsu8_mxilinx_addsub_alu behavioral D:/Users/Butle/Documents/exilinks/AddSub_ALU.vhf sub01/vhpl181 1494316510
AR registergeneric_muser_registera behavioral D:/Users/Butle/Documents/exilinks/RegisterA.vhf sub01/vhpl145 1494316566
EN registera NULL D:/Users/Butle/Documents/exilinks/RegisterA.vhf sub01/vhpl146 1494316567
AR bin2bcd3en behavioral D:/Users/Butle/Documents/exilinks/Modules/bin2BCD3en.vhd sub00/vhpl07 1494316436
AR keypad behavioral D:/Users/Butle/Documents/exilinks/KeyPad.vhf sub01/vhpl123 1494316544
EN registerc NULL D:/Users/Butle/Documents/exilinks/RegisterC.vhf sub01/vhpl154 1494316575
EN add8_mxilinx_addsub_alu NULL D:/Users/Butle/Documents/exilinks/AddSub_ALU.vhf sub00/vhpl82 1494316505
AR mux4x2to1_muser_toplevel behavioral D:/Users/Butle/Documents/exilinks/toplevel.vhf sub00/vhpl57 1494316480
AR mux8x2to1_muser_addsub_alu behavioral D:/Users/Butle/Documents/exilinks/AddSub_ALU.vhf sub00/vhpl81 1494316504
EN instructionmem NULL D:/Users/Butle/Documents/exilinks/InstructionMem.vhf sub01/vhpl118 1494316539
AR m2_1_mxilinx_instructionmem behavioral D:/Users/Butle/Documents/exilinks/InstructionMem.vhf sub01/vhpl115 1494316536
AR registera behavioral D:/Users/Butle/Documents/exilinks/RegisterA.vhf sub01/vhpl147 1494316568
EN mux4x2to1 NULL D:/Users/Butle/Documents/exilinks/mux4x2to1.vhf sub01/vhpl160 1494316581
EN crenc4bin NULL D:/Users/Butle/Documents/exilinks/Modules/CRenc4bin.vhd sub00/vhpl00 1494316429
EN m2_1_mxilinx_displaynumbers NULL D:/Users/Butle/Documents/exilinks/DisplayNumbers.vhf sub00/vhpl96 1494316521
EN fd8ce_mxilinx_registera NULL D:/Users/Butle/Documents/exilinks/RegisterA.vhf sub01/vhpl142 1494316563
AR dcm_50m behavioral D:/Users/Butle/Documents/exilinks/Modules/DCM_50M.vhd sub00/vhpl25 1494316446
EN fd8ce_mxilinx_registerc NULL D:/Users/Butle/Documents/exilinks/RegisterC.vhf sub01/vhpl150 1494316571
EN instructiondecode NULL D:/Users/Butle/Documents/exilinks/InstructionDecode.vhf sub01/vhpl112 1494316533
EN fjkc_mxilinx_programcounter NULL D:/Users/Butle/Documents/exilinks/ProgramCounter.vhf sub01/vhpl128 1494316549
