EN ftclex_mxilinx_toplevel NULL C:/Users/thekevinbutler/Documents/exilinks/toplevel.vhf sub00/vhpl64 1494354684
AR programcounter behavioral C:/Users/thekevinbutler/Documents/exilinks/ProgramCounter.vhf sub01/vhpl137 1494354757
AR datamem_muser_toplevel behavioral C:/Users/thekevinbutler/Documents/exilinks/toplevel.vhf sub00/vhpl57 1494354677
AR mux8x2to1_muser_displaynumbers behavioral C:/Users/thekevinbutler/Documents/exilinks/DisplayNumbers.vhf sub01/vhpl103 1494354723
EN fa8 NULL C:/Users/thekevinbutler/Documents/exilinks/Modules/addsub8.vhd sub00/vhpl18 1494354638
EN dcm_50m NULL C:/Users/thekevinbutler/Documents/exilinks/Modules/DCM_50M.vhd sub00/vhpl24 1494354644
AR ftclex_mxilinx_toplevel behavioral C:/Users/thekevinbutler/Documents/exilinks/toplevel.vhf sub00/vhpl65 1494354685
AR m2_1b1_mxilinx_toplevel behavioral C:/Users/thekevinbutler/Documents/exilinks/toplevel.vhf sub00/vhpl63 1494354683
EN twoscomp_muser_addsub_alu NULL C:/Users/thekevinbutler/Documents/exilinks/AddSub_ALU.vhf sub00/vhpl86 1494354706
EN displaynumbers_muser_toplevel NULL C:/Users/thekevinbutler/Documents/exilinks/toplevel.vhf sub00/vhpl60 1494354680
AR mux8x2to1_muser_twoscomp behavioral C:/Users/thekevinbutler/Documents/exilinks/TwosComp.vhf sub01/vhpl169 1494354789
EN fjkc_mxilinx_registerc NULL C:/Users/thekevinbutler/Documents/exilinks/RegisterC.vhf sub01/vhpl148 1494354768
AR twoscomp behavioral C:/Users/thekevinbutler/Documents/exilinks/TwosComp.vhf sub01/vhpl173 1494354793
EN inputstate_muser_toplevel NULL C:/Users/thekevinbutler/Documents/exilinks/toplevel.vhf sub00/vhpl54 1494354674
AR demux1to16_muser_toplevel behavioral C:/Users/thekevinbutler/Documents/exilinks/toplevel.vhf sub00/vhpl49 1494354669
AR add8_mxilinx_toplevel behavioral C:/Users/thekevinbutler/Documents/exilinks/toplevel.vhf sub00/vhpl31 1494354651
EN registerc_muser_toplevel NULL C:/Users/thekevinbutler/Documents/exilinks/toplevel.vhf sub00/vhpl46 1494354666
EN mux8x2to1_muser_instructionmem NULL C:/Users/thekevinbutler/Documents/exilinks/InstructionMem.vhf sub01/vhpl116 1494354736
EN cb8cled_mxilinx_programcounter NULL C:/Users/thekevinbutler/Documents/exilinks/ProgramCounter.vhf sub01/vhpl134 1494354754
EN twoscomp_muser_toplevel NULL C:/Users/thekevinbutler/Documents/exilinks/toplevel.vhf sub00/vhpl32 1494354652
AR instructiondecode behavioral C:/Users/thekevinbutler/Documents/exilinks/InstructionDecode.vhf sub01/vhpl113 1494354733
AR registergeneric behavioral C:/Users/thekevinbutler/Documents/exilinks/RegisterGeneric.vhf sub01/vhpl165 1494354785
EN m2_1_mxilinx_programcounter NULL C:/Users/thekevinbutler/Documents/exilinks/ProgramCounter.vhf sub01/vhpl124 1494354744
AR instructionmem_muser_toplevel behavioral C:/Users/thekevinbutler/Documents/exilinks/toplevel.vhf sub00/vhpl41 1494354661
AR addsub8 behavioral C:/Users/thekevinbutler/Documents/exilinks/Modules/addsub8.vhd sub00/vhpl21 1494354641
EN sel_strobeb NULL C:/Users/thekevinbutler/Documents/exilinks/Modules/sel_strobeB.vhd sub00/vhpl10 1494354630
EN ssd_1dig NULL C:/Users/thekevinbutler/Documents/exilinks/Modules/SSD_1dig.vhd sub00/vhpl22 1494354642
EN registergeneric_muser_toplevel NULL C:/Users/thekevinbutler/Documents/exilinks/toplevel.vhf sub00/vhpl44 1494354664
EN adsu8_mxilinx_addsub_alu NULL C:/Users/thekevinbutler/Documents/exilinks/AddSub_ALU.vhf sub00/vhpl88 1494354708
AR fd4ce_mxilinx_keypad behavioral C:/Users/thekevinbutler/Documents/exilinks/KeyPad.vhf sub01/vhpl121 1494354741
AR mux8x2to1_muser_instructionmem behavioral C:/Users/thekevinbutler/Documents/exilinks/InstructionMem.vhf sub01/vhpl117 1494354737
EN demux1to16_muser_toplevel NULL C:/Users/thekevinbutler/Documents/exilinks/toplevel.vhf sub00/vhpl48 1494354668
AR registera_muser_toplevel behavioral C:/Users/thekevinbutler/Documents/exilinks/toplevel.vhf sub00/vhpl53 1494354673
EN registera_muser_toplevel NULL C:/Users/thekevinbutler/Documents/exilinks/toplevel.vhf sub00/vhpl52 1494354672
AR m2_1_mxilinx_programcounter behavioral C:/Users/thekevinbutler/Documents/exilinks/ProgramCounter.vhf sub01/vhpl125 1494354745
AR sram32x8_ex_pgm_data behavioral C:/Users/thekevinbutler/Documents/exilinks/Modules/sRAM32x8_ex_pgm_data.vhd sub00/vhpl13 1494354633
EN mux8x2to1_muser_datamem NULL C:/Users/thekevinbutler/Documents/exilinks/DataMem.vhf sub00/vhpl96 1494354716
AR m2_1_mxilinx_twoscomp behavioral C:/Users/thekevinbutler/Documents/exilinks/TwosComp.vhf sub01/vhpl167 1494354787
EN fd4ce_mxilinx_keypad NULL C:/Users/thekevinbutler/Documents/exilinks/KeyPad.vhf sub01/vhpl120 1494354740
AR inputstate_muser_toplevel behavioral C:/Users/thekevinbutler/Documents/exilinks/toplevel.vhf sub00/vhpl55 1494354675
AR m4_1e_mxilinx_toplevel behavioral C:/Users/thekevinbutler/Documents/exilinks/toplevel.vhf sub00/vhpl73 1494354693
EN m2_1_mxilinx_datamem NULL C:/Users/thekevinbutler/Documents/exilinks/DataMem.vhf sub00/vhpl94 1494354714
AR add8_mxilinx_addsub_alu behavioral C:/Users/thekevinbutler/Documents/exilinks/AddSub_ALU.vhf sub00/vhpl85 1494354705
EN datamem NULL C:/Users/thekevinbutler/Documents/exilinks/DataMem.vhf sub00/vhpl98 1494354718
EN mux8x2to1_muser_registera NULL C:/Users/thekevinbutler/Documents/exilinks/RegisterA.vhf sub01/vhpl140 1494354760
AR displaynumbers_muser_toplevel behavioral C:/Users/thekevinbutler/Documents/exilinks/toplevel.vhf sub00/vhpl61 1494354681
EN instructionmem_muser_toplevel NULL C:/Users/thekevinbutler/Documents/exilinks/toplevel.vhf sub00/vhpl40 1494354660
EN iod8 NULL C:/Users/thekevinbutler/Documents/exilinks/Modules/addsub8.vhd sub00/vhpl16 1494354636
EN fd8ce_mxilinx_toplevel NULL C:/Users/thekevinbutler/Documents/exilinks/toplevel.vhf sub00/vhpl42 1494354662
AR mux4ssd behavioral C:/Users/thekevinbutler/Documents/exilinks/Modules/mux4SSD.vhd sub00/vhpl09 1494354629
AR keycr4b behavioral C:/Users/thekevinbutler/Documents/exilinks/Modules/keyCR4b.vhd sub00/vhpl03 1494354623
EN m2_1_mxilinx_addsub_alu NULL C:/Users/thekevinbutler/Documents/exilinks/AddSub_ALU.vhf sub00/vhpl80 1494354700
EN keypad_muser_toplevel NULL C:/Users/thekevinbutler/Documents/exilinks/toplevel.vhf sub00/vhpl76 1494354696
AR mux4x2to1_muser_displaynumbers behavioral C:/Users/thekevinbutler/Documents/exilinks/DisplayNumbers.vhf sub01/vhpl105 1494354725
AR m2_1_mxilinx_mux4x2to1 behavioral C:/Users/thekevinbutler/Documents/exilinks/mux4x2to1.vhf sub01/vhpl159 1494354779
AR instructiondecode_muser_toplevel behavioral C:/Users/thekevinbutler/Documents/exilinks/toplevel.vhf sub00/vhpl51 1494354671
AR m2_1_mxilinx_mux8x2to1 behavioral C:/Users/thekevinbutler/Documents/exilinks/mux8x2to1.vhf sub01/vhpl175 1494354795
EN mux8x2to1_muser_toplevel NULL C:/Users/thekevinbutler/Documents/exilinks/toplevel.vhf sub00/vhpl28 1494354648
EN fd4ce_mxilinx_toplevel NULL C:/Users/thekevinbutler/Documents/exilinks/toplevel.vhf sub00/vhpl74 1494354694
AR registerc_muser_toplevel behavioral C:/Users/thekevinbutler/Documents/exilinks/toplevel.vhf sub00/vhpl47 1494354667
AR addsub_alu behavioral C:/Users/thekevinbutler/Documents/exilinks/AddSub_ALU.vhf sub00/vhpl93 1494354713
AR keypad_muser_toplevel behavioral C:/Users/thekevinbutler/Documents/exilinks/toplevel.vhf sub00/vhpl77 1494354697
EN demux1to16_muser_instructiondecode NULL C:/Users/thekevinbutler/Documents/exilinks/InstructionDecode.vhf sub01/vhpl110 1494354730
AR fa8 postmodern C:/Users/thekevinbutler/Documents/exilinks/Modules/addsub8.vhd sub00/vhpl19 1494354639
EN fd8ce_mxilinx_registergeneric NULL C:/Users/thekevinbutler/Documents/exilinks/RegisterGeneric.vhf sub01/vhpl162 1494354782
AR twoscomp_muser_toplevel behavioral C:/Users/thekevinbutler/Documents/exilinks/toplevel.vhf sub00/vhpl33 1494354653
AR mux8x2to1_muser_registera behavioral C:/Users/thekevinbutler/Documents/exilinks/RegisterA.vhf sub01/vhpl141 1494354761
EN m2_1_mxilinx_toplevel NULL C:/Users/thekevinbutler/Documents/exilinks/toplevel.vhf sub00/vhpl26 1494354646
AR cb8cled_mxilinx_toplevel behavioral C:/Users/thekevinbutler/Documents/exilinks/toplevel.vhf sub00/vhpl67 1494354687
EN m2_1_mxilinx_instructionmem NULL C:/Users/thekevinbutler/Documents/exilinks/InstructionMem.vhf sub01/vhpl114 1494354734
EN m2_1e_mxilinx_toplevel NULL C:/Users/thekevinbutler/Documents/exilinks/toplevel.vhf sub00/vhpl70 1494354690
AR fd8ce_mxilinx_registerc behavioral C:/Users/thekevinbutler/Documents/exilinks/RegisterC.vhf sub01/vhpl151 1494354771
EN sram32x8_ex_pgm_data NULL C:/Users/thekevinbutler/Documents/exilinks/Modules/sRAM32x8_ex_pgm_data.vhd sub00/vhpl12 1494354632
EN m2_1_mxilinx_mux8x2to1 NULL C:/Users/thekevinbutler/Documents/exilinks/mux8x2to1.vhf sub01/vhpl174 1494354794
AR crenc4bin behavioral C:/Users/thekevinbutler/Documents/exilinks/Modules/CRenc4bin.vhd sub00/vhpl01 1494354621
EN toplevel NULL C:/Users/thekevinbutler/Documents/exilinks/toplevel.vhf sub00/vhpl78 1494354698
EN addsub8 NULL C:/Users/thekevinbutler/Documents/exilinks/Modules/addsub8.vhd sub00/vhpl20 1494354640
AR fulladd minimalist C:/Users/thekevinbutler/Documents/exilinks/Modules/addsub8.vhd sub00/vhpl15 1494354635
EN mux8x2to1_muser_addsub_alu NULL C:/Users/thekevinbutler/Documents/exilinks/AddSub_ALU.vhf sub00/vhpl82 1494354702
EN displaynumbers NULL C:/Users/thekevinbutler/Documents/exilinks/DisplayNumbers.vhf sub01/vhpl106 1494354726
AR mux8x2to1_muser_programcounter behavioral C:/Users/thekevinbutler/Documents/exilinks/ProgramCounter.vhf sub01/vhpl127 1494354747
EN fjkc_mxilinx_toplevel NULL C:/Users/thekevinbutler/Documents/exilinks/toplevel.vhf sub00/vhpl36 1494354656
AR m2_1_mxilinx_addsub_alu behavioral C:/Users/thekevinbutler/Documents/exilinks/AddSub_ALU.vhf sub00/vhpl81 1494354701
EN fjkc_mxilinx_addsub_alu NULL C:/Users/thekevinbutler/Documents/exilinks/AddSub_ALU.vhf sub00/vhpl90 1494354710
AR add8_mxilinx_twoscomp behavioral C:/Users/thekevinbutler/Documents/exilinks/TwosComp.vhf sub01/vhpl171 1494354791
AR fd8ce_mxilinx_registera behavioral C:/Users/thekevinbutler/Documents/exilinks/RegisterA.vhf sub01/vhpl143 1494354763
AR fd8ce_mxilinx_registergeneric behavioral C:/Users/thekevinbutler/Documents/exilinks/RegisterGeneric.vhf sub01/vhpl163 1494354783
EN mux8x2to1_muser_twoscomp NULL C:/Users/thekevinbutler/Documents/exilinks/TwosComp.vhf sub01/vhpl168 1494354788
EN bin2bcd3en NULL C:/Users/thekevinbutler/Documents/exilinks/Modules/bin2BCD3en.vhd sub00/vhpl06 1494354626
EN keypad NULL C:/Users/thekevinbutler/Documents/exilinks/KeyPad.vhf sub01/vhpl122 1494354742
EN addsub_alu_muser_toplevel NULL C:/Users/thekevinbutler/Documents/exilinks/toplevel.vhf sub00/vhpl38 1494354658
EN m2_1b1_mxilinx_toplevel NULL C:/Users/thekevinbutler/Documents/exilinks/toplevel.vhf sub00/vhpl62 1494354682
EN demux1to16 NULL C:/Users/thekevinbutler/Documents/exilinks/Demux1to16.vhf sub01/vhpl156 1494354776
EN keycr4b NULL C:/Users/thekevinbutler/Documents/exilinks/Modules/keyCR4b.vhd sub00/vhpl02 1494354622
AR mux4x2to1 behavioral C:/Users/thekevinbutler/Documents/exilinks/mux4x2to1.vhf sub01/vhpl161 1494354781
AR inputstate behavioral C:/Users/thekevinbutler/Documents/exilinks/InputState.vhf sub01/vhpl109 1494354729
AR fjkc_mxilinx_addsub_alu behavioral C:/Users/thekevinbutler/Documents/exilinks/AddSub_ALU.vhf sub00/vhpl91 1494354711
AR mux8x2to1 behavioral C:/Users/thekevinbutler/Documents/exilinks/mux8x2to1.vhf sub01/vhpl177 1494354797
AR m2_1b1_mxilinx_programcounter behavioral C:/Users/thekevinbutler/Documents/exilinks/ProgramCounter.vhf sub01/vhpl131 1494354751
AR addsub_alu_muser_toplevel behavioral C:/Users/thekevinbutler/Documents/exilinks/toplevel.vhf sub00/vhpl39 1494354659
AR displaynumbers behavioral C:/Users/thekevinbutler/Documents/exilinks/DisplayNumbers.vhf sub01/vhpl107 1494354727
EN registergeneric_muser_registera NULL C:/Users/thekevinbutler/Documents/exilinks/RegisterA.vhf sub01/vhpl144 1494354764
AR fjkc_mxilinx_registerc behavioral C:/Users/thekevinbutler/Documents/exilinks/RegisterC.vhf sub01/vhpl149 1494354769
EN registergeneric_muser_registerc NULL C:/Users/thekevinbutler/Documents/exilinks/RegisterC.vhf sub01/vhpl152 1494354772
AR sel_strobeb behavioral C:/Users/thekevinbutler/Documents/exilinks/Modules/sel_strobeB.vhd sub00/vhpl11 1494354631
EN fulladd NULL C:/Users/thekevinbutler/Documents/exilinks/Modules/addsub8.vhd sub00/vhpl14 1494354634
AR ssd_1dig behavioral C:/Users/thekevinbutler/Documents/exilinks/Modules/SSD_1dig.vhd sub00/vhpl23 1494354643
EN m2_1_mxilinx_twoscomp NULL C:/Users/thekevinbutler/Documents/exilinks/TwosComp.vhf sub01/vhpl166 1494354786
AR programcounter_muser_toplevel behavioral C:/Users/thekevinbutler/Documents/exilinks/toplevel.vhf sub00/vhpl69 1494354689
AR cb8cled_mxilinx_programcounter behavioral C:/Users/thekevinbutler/Documents/exilinks/ProgramCounter.vhf sub01/vhpl135 1494354755
EN instructiondecode_muser_toplevel NULL C:/Users/thekevinbutler/Documents/exilinks/toplevel.vhf sub00/vhpl50 1494354670
EN addsub_alu NULL C:/Users/thekevinbutler/Documents/exilinks/AddSub_ALU.vhf sub00/vhpl92 1494354712
EN mux4ssd NULL C:/Users/thekevinbutler/Documents/exilinks/Modules/mux4SSD.vhd sub00/vhpl08 1494354628
EN mux4x2to1_muser_toplevel NULL C:/Users/thekevinbutler/Documents/exilinks/toplevel.vhf sub00/vhpl58 1494354678
EN m2_1_mxilinx_registera NULL C:/Users/thekevinbutler/Documents/exilinks/RegisterA.vhf sub01/vhpl138 1494354758
EN twoscomp NULL C:/Users/thekevinbutler/Documents/exilinks/TwosComp.vhf sub01/vhpl172 1494354792
AR m2_1_mxilinx_datamem behavioral C:/Users/thekevinbutler/Documents/exilinks/DataMem.vhf sub00/vhpl95 1494354715
AR datamem behavioral C:/Users/thekevinbutler/Documents/exilinks/DataMem.vhf sub00/vhpl99 1494354719
EN programcounter NULL C:/Users/thekevinbutler/Documents/exilinks/ProgramCounter.vhf sub01/vhpl136 1494354756
AR sram32x8_ex_pgm_instr behavioral C:/Users/thekevinbutler/Documents/exilinks/Modules/sRAM32x8_ex_pgm_instr.vhd sub00/vhpl05 1494354625
AR adsu8_mxilinx_toplevel behavioral C:/Users/thekevinbutler/Documents/exilinks/toplevel.vhf sub00/vhpl35 1494354655
AR mux8x2to1_muser_toplevel behavioral C:/Users/thekevinbutler/Documents/exilinks/toplevel.vhf sub00/vhpl29 1494354649
EN add8_mxilinx_toplevel NULL C:/Users/thekevinbutler/Documents/exilinks/toplevel.vhf sub00/vhpl30 1494354650
EN mux8x2to1_muser_displaynumbers NULL C:/Users/thekevinbutler/Documents/exilinks/DisplayNumbers.vhf sub01/vhpl102 1494354722
AR registergeneric_muser_toplevel behavioral C:/Users/thekevinbutler/Documents/exilinks/toplevel.vhf sub00/vhpl45 1494354665
EN m2_1_mxilinx_mux4x2to1 NULL C:/Users/thekevinbutler/Documents/exilinks/mux4x2to1.vhf sub01/vhpl158 1494354778
AR toplevel behavioral C:/Users/thekevinbutler/Documents/exilinks/toplevel.vhf sub00/vhpl79 1494354699
AR mux8x2to1_muser_datamem behavioral C:/Users/thekevinbutler/Documents/exilinks/DataMem.vhf sub00/vhpl97 1494354717
AR m2_1_mxilinx_registera behavioral C:/Users/thekevinbutler/Documents/exilinks/RegisterA.vhf sub01/vhpl139 1494354759
EN mux8x2to1 NULL C:/Users/thekevinbutler/Documents/exilinks/mux8x2to1.vhf sub01/vhpl176 1494354796
AR instructionmem behavioral C:/Users/thekevinbutler/Documents/exilinks/InstructionMem.vhf sub01/vhpl119 1494354739
EN cb8cled_mxilinx_toplevel NULL C:/Users/thekevinbutler/Documents/exilinks/toplevel.vhf sub00/vhpl66 1494354686
EN ftclex_mxilinx_programcounter NULL C:/Users/thekevinbutler/Documents/exilinks/ProgramCounter.vhf sub01/vhpl132 1494354752
AR ftclex_mxilinx_programcounter behavioral C:/Users/thekevinbutler/Documents/exilinks/ProgramCounter.vhf sub01/vhpl133 1494354753
AR m2_1_mxilinx_displaynumbers behavioral C:/Users/thekevinbutler/Documents/exilinks/DisplayNumbers.vhf sub01/vhpl101 1494354721
EN sram32x8_ex_pgm_instr NULL C:/Users/thekevinbutler/Documents/exilinks/Modules/sRAM32x8_ex_pgm_instr.vhd sub00/vhpl04 1494354624
AR fjkc_mxilinx_toplevel behavioral C:/Users/thekevinbutler/Documents/exilinks/toplevel.vhf sub00/vhpl37 1494354657
AR fjkc_mxilinx_programcounter behavioral C:/Users/thekevinbutler/Documents/exilinks/ProgramCounter.vhf sub01/vhpl129 1494354749
EN m4_1e_mxilinx_toplevel NULL C:/Users/thekevinbutler/Documents/exilinks/toplevel.vhf sub00/vhpl72 1494354692
EN inputstate NULL C:/Users/thekevinbutler/Documents/exilinks/InputState.vhf sub01/vhpl108 1494354728
EN registergeneric NULL C:/Users/thekevinbutler/Documents/exilinks/RegisterGeneric.vhf sub01/vhpl164 1494354784
AR fd8ce_mxilinx_toplevel behavioral C:/Users/thekevinbutler/Documents/exilinks/toplevel.vhf sub00/vhpl43 1494354663
AR registergeneric_muser_registerc behavioral C:/Users/thekevinbutler/Documents/exilinks/RegisterC.vhf sub01/vhpl153 1494354773
AR iod8 corinthian C:/Users/thekevinbutler/Documents/exilinks/Modules/addsub8.vhd sub00/vhpl17 1494354637
AR m2_1_mxilinx_toplevel behavioral C:/Users/thekevinbutler/Documents/exilinks/toplevel.vhf sub00/vhpl27 1494354647
AR demux1to16 behavioral C:/Users/thekevinbutler/Documents/exilinks/Demux1to16.vhf sub01/vhpl157 1494354777
EN mux4x2to1_muser_displaynumbers NULL C:/Users/thekevinbutler/Documents/exilinks/DisplayNumbers.vhf sub01/vhpl104 1494354724
EN mux8x2to1_muser_programcounter NULL C:/Users/thekevinbutler/Documents/exilinks/ProgramCounter.vhf sub01/vhpl126 1494354746
AR twoscomp_muser_addsub_alu behavioral C:/Users/thekevinbutler/Documents/exilinks/AddSub_ALU.vhf sub00/vhpl87 1494354707
EN adsu8_mxilinx_toplevel NULL C:/Users/thekevinbutler/Documents/exilinks/toplevel.vhf sub00/vhpl34 1494354654
AR m2_1e_mxilinx_toplevel behavioral C:/Users/thekevinbutler/Documents/exilinks/toplevel.vhf sub00/vhpl71 1494354691
EN add8_mxilinx_twoscomp NULL C:/Users/thekevinbutler/Documents/exilinks/TwosComp.vhf sub01/vhpl170 1494354790
EN programcounter_muser_toplevel NULL C:/Users/thekevinbutler/Documents/exilinks/toplevel.vhf sub00/vhpl68 1494354688
AR demux1to16_muser_instructiondecode behavioral C:/Users/thekevinbutler/Documents/exilinks/InstructionDecode.vhf sub01/vhpl111 1494354731
AR fd4ce_mxilinx_toplevel behavioral C:/Users/thekevinbutler/Documents/exilinks/toplevel.vhf sub00/vhpl75 1494354695
EN m2_1b1_mxilinx_programcounter NULL C:/Users/thekevinbutler/Documents/exilinks/ProgramCounter.vhf sub01/vhpl130 1494354750
EN datamem_muser_toplevel NULL C:/Users/thekevinbutler/Documents/exilinks/toplevel.vhf sub00/vhpl56 1494354676
AR registerc behavioral C:/Users/thekevinbutler/Documents/exilinks/RegisterC.vhf sub01/vhpl155 1494354775
AR adsu8_mxilinx_addsub_alu behavioral C:/Users/thekevinbutler/Documents/exilinks/AddSub_ALU.vhf sub00/vhpl89 1494354709
AR registergeneric_muser_registera behavioral C:/Users/thekevinbutler/Documents/exilinks/RegisterA.vhf sub01/vhpl145 1494354765
EN registera NULL C:/Users/thekevinbutler/Documents/exilinks/RegisterA.vhf sub01/vhpl146 1494354766
AR bin2bcd3en behavioral C:/Users/thekevinbutler/Documents/exilinks/Modules/bin2BCD3en.vhd sub00/vhpl07 1494354627
AR keypad behavioral C:/Users/thekevinbutler/Documents/exilinks/KeyPad.vhf sub01/vhpl123 1494354743
EN registerc NULL C:/Users/thekevinbutler/Documents/exilinks/RegisterC.vhf sub01/vhpl154 1494354774
EN add8_mxilinx_addsub_alu NULL C:/Users/thekevinbutler/Documents/exilinks/AddSub_ALU.vhf sub00/vhpl84 1494354704
AR mux4x2to1_muser_toplevel behavioral C:/Users/thekevinbutler/Documents/exilinks/toplevel.vhf sub00/vhpl59 1494354679
AR mux8x2to1_muser_addsub_alu behavioral C:/Users/thekevinbutler/Documents/exilinks/AddSub_ALU.vhf sub00/vhpl83 1494354703
EN instructionmem NULL C:/Users/thekevinbutler/Documents/exilinks/InstructionMem.vhf sub01/vhpl118 1494354738
AR m2_1_mxilinx_instructionmem behavioral C:/Users/thekevinbutler/Documents/exilinks/InstructionMem.vhf sub01/vhpl115 1494354735
AR registera behavioral C:/Users/thekevinbutler/Documents/exilinks/RegisterA.vhf sub01/vhpl147 1494354767
EN mux4x2to1 NULL C:/Users/thekevinbutler/Documents/exilinks/mux4x2to1.vhf sub01/vhpl160 1494354780
EN crenc4bin NULL C:/Users/thekevinbutler/Documents/exilinks/Modules/CRenc4bin.vhd sub00/vhpl00 1494354620
EN m2_1_mxilinx_displaynumbers NULL C:/Users/thekevinbutler/Documents/exilinks/DisplayNumbers.vhf sub01/vhpl100 1494354720
EN fd8ce_mxilinx_registera NULL C:/Users/thekevinbutler/Documents/exilinks/RegisterA.vhf sub01/vhpl142 1494354762
AR dcm_50m behavioral C:/Users/thekevinbutler/Documents/exilinks/Modules/DCM_50M.vhd sub00/vhpl25 1494354645
EN fd8ce_mxilinx_registerc NULL C:/Users/thekevinbutler/Documents/exilinks/RegisterC.vhf sub01/vhpl150 1494354770
EN instructiondecode NULL C:/Users/thekevinbutler/Documents/exilinks/InstructionDecode.vhf sub01/vhpl112 1494354732
EN fjkc_mxilinx_programcounter NULL C:/Users/thekevinbutler/Documents/exilinks/ProgramCounter.vhf sub01/vhpl128 1494354748
