EN ftclex_mxilinx_toplevel NULL D:/Users/Butle/Documents/exilinks/toplevel.vhf sub00/vhpl30 1494069399
AR programcounter behavioral D:/Users/Butle/Documents/exilinks/ProgramCounter.vhf sub00/vhpl63 1494069432
AR mux8x2to1_muser_displaynumbers behavioral D:/Users/Butle/Documents/exilinks/DisplayNumbers.vhf sub00/vhpl49 1494069418
EN dcm_50m NULL D:/Users/Butle/Documents/exilinks/Modules/DCM_50M.vhd sub00/vhpl14 1494069383
AR ftclex_mxilinx_toplevel behavioral D:/Users/Butle/Documents/exilinks/toplevel.vhf sub00/vhpl31 1494069400
AR m2_1b1_mxilinx_toplevel behavioral D:/Users/Butle/Documents/exilinks/toplevel.vhf sub00/vhpl29 1494069398
EN displaynumbers_muser_toplevel NULL D:/Users/Butle/Documents/exilinks/toplevel.vhf sub00/vhpl22 1494069391
EN mux8x2to1_muser_instructionmem NULL D:/Users/Butle/Documents/exilinks/InstructionMem.vhf sub00/vhpl54 1494069423
AR instructionmem_muser_toplevel behavioral D:/Users/Butle/Documents/exilinks/toplevel.vhf sub00/vhpl25 1494069394
EN sel_strobeb NULL D:/Users/Butle/Documents/exilinks/Modules/sel_strobeB.vhd sub00/vhpl10 1494069379
EN ssd_1dig NULL D:/Users/Butle/Documents/exilinks/Modules/SSD_1dig.vhd sub00/vhpl12 1494069381
AR fd4ce_mxilinx_keypad behavioral D:/Users/Butle/Documents/exilinks/KeyPad.vhf sub00/vhpl59 1494069428
AR mux8x2to1_muser_instructionmem behavioral D:/Users/Butle/Documents/exilinks/InstructionMem.vhf sub00/vhpl55 1494069424
EN fd4ce_mxilinx_keypad NULL D:/Users/Butle/Documents/exilinks/KeyPad.vhf sub00/vhpl58 1494069427
AR m4_1e_mxilinx_toplevel behavioral D:/Users/Butle/Documents/exilinks/toplevel.vhf sub00/vhpl37 1494069406
AR displaynumbers_muser_toplevel behavioral D:/Users/Butle/Documents/exilinks/toplevel.vhf sub00/vhpl23 1494069392
EN instructionmem_muser_toplevel NULL D:/Users/Butle/Documents/exilinks/toplevel.vhf sub00/vhpl24 1494069393
AR mux4ssd behavioral D:/Users/Butle/Documents/exilinks/Modules/mux4SSD.vhd sub00/vhpl09 1494069378
AR keycr4b behavioral D:/Users/Butle/Documents/exilinks/Modules/keyCR4b.vhd sub00/vhpl03 1494069372
EN keypad_muser_toplevel NULL D:/Users/Butle/Documents/exilinks/toplevel.vhf sub00/vhpl40 1494069409
AR mux4x2to1_muser_displaynumbers behavioral D:/Users/Butle/Documents/exilinks/DisplayNumbers.vhf sub00/vhpl47 1494069416
AR m2_1_mxilinx_mux4x2to1 behavioral D:/Users/Butle/Documents/exilinks/mux4x2to1.vhf sub00/vhpl65 1494069434
AR m2_1_mxilinx_mux8x2to1 behavioral D:/Users/Butle/Documents/exilinks/mux8x2to1.vhf sub00/vhpl69 1494069438
EN mux8x2to1_muser_toplevel NULL D:/Users/Butle/Documents/exilinks/toplevel.vhf sub00/vhpl20 1494069389
EN fd4ce_mxilinx_toplevel NULL D:/Users/Butle/Documents/exilinks/toplevel.vhf sub00/vhpl38 1494069407
AR keypad_muser_toplevel behavioral D:/Users/Butle/Documents/exilinks/toplevel.vhf sub00/vhpl41 1494069410
EN m2_1_mxilinx_toplevel NULL D:/Users/Butle/Documents/exilinks/toplevel.vhf sub00/vhpl16 1494069385
AR cb8cled_mxilinx_toplevel behavioral D:/Users/Butle/Documents/exilinks/toplevel.vhf sub00/vhpl33 1494069402
EN m2_1_mxilinx_instructionmem NULL D:/Users/Butle/Documents/exilinks/InstructionMem.vhf sub00/vhpl52 1494069421
EN m2_1e_mxilinx_toplevel NULL D:/Users/Butle/Documents/exilinks/toplevel.vhf sub00/vhpl34 1494069403
EN m2_1_mxilinx_mux8x2to1 NULL D:/Users/Butle/Documents/exilinks/mux8x2to1.vhf sub00/vhpl68 1494069437
AR crenc4bin behavioral D:/Users/Butle/Documents/exilinks/Modules/CRenc4bin.vhd sub00/vhpl01 1494069370
EN toplevel NULL D:/Users/Butle/Documents/exilinks/toplevel.vhf sub00/vhpl42 1494069411
EN displaynumbers NULL D:/Users/Butle/Documents/exilinks/DisplayNumbers.vhf sub00/vhpl50 1494069419
EN bin2bcd3en NULL D:/Users/Butle/Documents/exilinks/Modules/bin2BCD3en.vhd sub00/vhpl06 1494069375
EN keypad NULL D:/Users/Butle/Documents/exilinks/KeyPad.vhf sub00/vhpl60 1494069429
EN m2_1b1_mxilinx_toplevel NULL D:/Users/Butle/Documents/exilinks/toplevel.vhf sub00/vhpl28 1494069397
EN keycr4b NULL D:/Users/Butle/Documents/exilinks/Modules/keyCR4b.vhd sub00/vhpl02 1494069371
AR mux4x2to1 behavioral D:/Users/Butle/Documents/exilinks/mux4x2to1.vhf sub00/vhpl67 1494069436
AR mux8x2to1 behavioral D:/Users/Butle/Documents/exilinks/mux8x2to1.vhf sub00/vhpl71 1494069440
AR displaynumbers behavioral D:/Users/Butle/Documents/exilinks/DisplayNumbers.vhf sub00/vhpl51 1494069420
AR sel_strobeb behavioral D:/Users/Butle/Documents/exilinks/Modules/sel_strobeB.vhd sub00/vhpl11 1494069380
AR ssd_1dig behavioral D:/Users/Butle/Documents/exilinks/Modules/SSD_1dig.vhd sub00/vhpl13 1494069382
AR programcounter_muser_toplevel behavioral D:/Users/Butle/Documents/exilinks/toplevel.vhf sub00/vhpl27 1494069396
EN mux4ssd NULL D:/Users/Butle/Documents/exilinks/Modules/mux4SSD.vhd sub00/vhpl08 1494069377
EN mux4x2to1_muser_toplevel NULL D:/Users/Butle/Documents/exilinks/toplevel.vhf sub00/vhpl18 1494069387
EN programcounter NULL D:/Users/Butle/Documents/exilinks/ProgramCounter.vhf sub00/vhpl62 1494069431
AR sram32x8_ex_pgm_instr behavioral D:/Users/Butle/Documents/exilinks/Modules/sRAM32x8_ex_pgm_instr.vhd sub00/vhpl05 1494069374
AR mux8x2to1_muser_toplevel behavioral D:/Users/Butle/Documents/exilinks/toplevel.vhf sub00/vhpl21 1494069390
EN mux8x2to1_muser_displaynumbers NULL D:/Users/Butle/Documents/exilinks/DisplayNumbers.vhf sub00/vhpl48 1494069417
EN m2_1_mxilinx_mux4x2to1 NULL D:/Users/Butle/Documents/exilinks/mux4x2to1.vhf sub00/vhpl64 1494069433
AR toplevel behavioral D:/Users/Butle/Documents/exilinks/toplevel.vhf sub00/vhpl43 1494069412
EN mux8x2to1 NULL D:/Users/Butle/Documents/exilinks/mux8x2to1.vhf sub00/vhpl70 1494069439
AR instructionmem behavioral D:/Users/Butle/Documents/exilinks/InstructionMem.vhf sub00/vhpl57 1494069426
EN cb8cled_mxilinx_toplevel NULL D:/Users/Butle/Documents/exilinks/toplevel.vhf sub00/vhpl32 1494069401
AR m2_1_mxilinx_displaynumbers behavioral D:/Users/Butle/Documents/exilinks/DisplayNumbers.vhf sub00/vhpl45 1494069414
EN sram32x8_ex_pgm_instr NULL D:/Users/Butle/Documents/exilinks/Modules/sRAM32x8_ex_pgm_instr.vhd sub00/vhpl04 1494069373
EN m4_1e_mxilinx_toplevel NULL D:/Users/Butle/Documents/exilinks/toplevel.vhf sub00/vhpl36 1494069405
AR m2_1_mxilinx_toplevel behavioral D:/Users/Butle/Documents/exilinks/toplevel.vhf sub00/vhpl17 1494069386
EN mux4x2to1_muser_displaynumbers NULL D:/Users/Butle/Documents/exilinks/DisplayNumbers.vhf sub00/vhpl46 1494069415
AR m2_1e_mxilinx_toplevel behavioral D:/Users/Butle/Documents/exilinks/toplevel.vhf sub00/vhpl35 1494069404
EN programcounter_muser_toplevel NULL D:/Users/Butle/Documents/exilinks/toplevel.vhf sub00/vhpl26 1494069395
AR fd4ce_mxilinx_toplevel behavioral D:/Users/Butle/Documents/exilinks/toplevel.vhf sub00/vhpl39 1494069408
AR bin2bcd3en behavioral D:/Users/Butle/Documents/exilinks/Modules/bin2BCD3en.vhd sub00/vhpl07 1494069376
AR keypad behavioral D:/Users/Butle/Documents/exilinks/KeyPad.vhf sub00/vhpl61 1494069430
AR mux4x2to1_muser_toplevel behavioral D:/Users/Butle/Documents/exilinks/toplevel.vhf sub00/vhpl19 1494069388
EN instructionmem NULL D:/Users/Butle/Documents/exilinks/InstructionMem.vhf sub00/vhpl56 1494069425
AR m2_1_mxilinx_instructionmem behavioral D:/Users/Butle/Documents/exilinks/InstructionMem.vhf sub00/vhpl53 1494069422
EN mux4x2to1 NULL D:/Users/Butle/Documents/exilinks/mux4x2to1.vhf sub00/vhpl66 1494069435
EN crenc4bin NULL D:/Users/Butle/Documents/exilinks/Modules/CRenc4bin.vhd sub00/vhpl00 1494069369
EN m2_1_mxilinx_displaynumbers NULL D:/Users/Butle/Documents/exilinks/DisplayNumbers.vhf sub00/vhpl44 1494069413
AR dcm_50m behavioral D:/Users/Butle/Documents/exilinks/Modules/DCM_50M.vhd sub00/vhpl15 1494069384
