V3 211
FL D:/Users/Butle/Documents/exilinks/DataMem.vhf 2017/05/07.02:28:32 P.20131013
EN work/M2_1_MXILINX_DataMem 1494188079 \
      FL D:/Users/Butle/Documents/exilinks/DataMem.vhf PB ieee/std_logic_1164 1381692176 \
      PB ieee/NUMERIC_STD 1381692181 LB UNISIM PH unisim/VCOMPONENTS 1381692182
AR work/M2_1_MXILINX_DataMem/BEHAVIORAL 1494188080 \
      FL D:/Users/Butle/Documents/exilinks/DataMem.vhf \
      EN work/M2_1_MXILINX_DataMem 1494188079 CP AND2B1 CP OR2 CP AND2
EN work/mux8x2to1_MUSER_DataMem 1494188081 \
      FL D:/Users/Butle/Documents/exilinks/DataMem.vhf PB ieee/std_logic_1164 1381692176 \
      PB ieee/NUMERIC_STD 1381692181 LB UNISIM PH unisim/VCOMPONENTS 1381692182
AR work/mux8x2to1_MUSER_DataMem/BEHAVIORAL 1494188082 \
      FL D:/Users/Butle/Documents/exilinks/DataMem.vhf \
      EN work/mux8x2to1_MUSER_DataMem 1494188081 CP M2_1_MXILINX_DataMem
EN work/DataMem 1494188083 \
      FL D:/Users/Butle/Documents/exilinks/DataMem.vhf PB ieee/std_logic_1164 1381692176 \
      PB ieee/NUMERIC_STD 1381692181 LB UNISIM PH unisim/VCOMPONENTS 1381692182
AR work/DataMem/BEHAVIORAL 1494188084 \
      FL D:/Users/Butle/Documents/exilinks/DataMem.vhf EN work/DataMem 1494188083 \
      CP sRAM32x8_ex_pgm_data CP PULLDOWN CP mux8x2to1_MUSER_DataMem CP INV
FL D:/Users/Butle/Documents/exilinks/Demux1to16.vhf 2017/05/07.02:28:34 P.20131013
EN work/Demux1to16 1494188127 FL D:/Users/Butle/Documents/exilinks/Demux1to16.vhf \
      PB ieee/std_logic_1164 1381692176 PB ieee/NUMERIC_STD 1381692181 LB UNISIM \
      PH unisim/VCOMPONENTS 1381692182
AR work/Demux1to16/BEHAVIORAL 1494188128 \
      FL D:/Users/Butle/Documents/exilinks/Demux1to16.vhf EN work/Demux1to16 1494188127 \
      CP AND5 CP INV
FL D:/Users/Butle/Documents/exilinks/DisplayNumbers.vhf 2017/05/07.02:28:33 P.20131013
EN work/M2_1_MXILINX_DisplayNumbers 1494188085 \
      FL D:/Users/Butle/Documents/exilinks/DisplayNumbers.vhf \
      PB ieee/std_logic_1164 1381692176 PB ieee/NUMERIC_STD 1381692181 LB UNISIM \
      PH unisim/VCOMPONENTS 1381692182
AR work/M2_1_MXILINX_DisplayNumbers/BEHAVIORAL 1494188086 \
      FL D:/Users/Butle/Documents/exilinks/DisplayNumbers.vhf \
      EN work/M2_1_MXILINX_DisplayNumbers 1494188085 CP AND2B1 CP OR2 CP AND2
EN work/mux4x2to1_MUSER_DisplayNumbers 1494188087 \
      FL D:/Users/Butle/Documents/exilinks/DisplayNumbers.vhf \
      PB ieee/std_logic_1164 1381692176 PB ieee/NUMERIC_STD 1381692181 LB UNISIM \
      PH unisim/VCOMPONENTS 1381692182
AR work/mux4x2to1_MUSER_DisplayNumbers/BEHAVIORAL 1494188088 \
      FL D:/Users/Butle/Documents/exilinks/DisplayNumbers.vhf \
      EN work/mux4x2to1_MUSER_DisplayNumbers 1494188087 \
      CP M2_1_MXILINX_DisplayNumbers
EN work/mux8x2to1_MUSER_DisplayNumbers 1494188089 \
      FL D:/Users/Butle/Documents/exilinks/DisplayNumbers.vhf \
      PB ieee/std_logic_1164 1381692176 PB ieee/NUMERIC_STD 1381692181 LB UNISIM \
      PH unisim/VCOMPONENTS 1381692182
AR work/mux8x2to1_MUSER_DisplayNumbers/BEHAVIORAL 1494188090 \
      FL D:/Users/Butle/Documents/exilinks/DisplayNumbers.vhf \
      EN work/mux8x2to1_MUSER_DisplayNumbers 1494188089 \
      CP M2_1_MXILINX_DisplayNumbers
EN work/DisplayNumbers 1494188091 \
      FL D:/Users/Butle/Documents/exilinks/DisplayNumbers.vhf \
      PB ieee/std_logic_1164 1381692176 PB ieee/NUMERIC_STD 1381692181 LB UNISIM \
      PH unisim/VCOMPONENTS 1381692182
AR work/DisplayNumbers/BEHAVIORAL 1494188092 \
      FL D:/Users/Butle/Documents/exilinks/DisplayNumbers.vhf \
      EN work/DisplayNumbers 1494188091 CP bin2BCD3en CP mux4SSD \
      CP mux8x2to1_MUSER_DisplayNumbers CP sel_strobeB CP PULLUP \
      CP mux4x2to1_MUSER_DisplayNumbers CP M2_1_MXILINX_DisplayNumbers CP PULLDOWN
FL D:/Users/Butle/Documents/exilinks/InputState.vhf 2017/05/07.12:22:55 P.20131013
EN work/InputState 1494188093 FL D:/Users/Butle/Documents/exilinks/InputState.vhf \
      PB ieee/std_logic_1164 1381692176 PB ieee/NUMERIC_STD 1381692181 LB UNISIM \
      PH unisim/VCOMPONENTS 1381692182
AR work/InputState/BEHAVIORAL 1494188094 \
      FL D:/Users/Butle/Documents/exilinks/InputState.vhf EN work/InputState 1494188093 \
      CP AND2 CP OR2 CP AND2B1 CP INV
FL D:/Users/Butle/Documents/exilinks/InstructionDecode.vhf 2017/05/07.02:28:34 P.20131013
EN work/Demux1to16_MUSER_InstructionDecode 1494188095 \
      FL D:/Users/Butle/Documents/exilinks/InstructionDecode.vhf \
      PB ieee/std_logic_1164 1381692176 PB ieee/NUMERIC_STD 1381692181 LB UNISIM \
      PH unisim/VCOMPONENTS 1381692182
AR work/Demux1to16_MUSER_InstructionDecode/BEHAVIORAL 1494188096 \
      FL D:/Users/Butle/Documents/exilinks/InstructionDecode.vhf \
      EN work/Demux1to16_MUSER_InstructionDecode 1494188095 CP AND5 CP INV
EN work/InstructionDecode 1494188097 \
      FL D:/Users/Butle/Documents/exilinks/InstructionDecode.vhf \
      PB ieee/std_logic_1164 1381692176 PB ieee/NUMERIC_STD 1381692181 LB UNISIM \
      PH unisim/VCOMPONENTS 1381692182
AR work/InstructionDecode/BEHAVIORAL 1494188098 \
      FL D:/Users/Butle/Documents/exilinks/InstructionDecode.vhf \
      EN work/InstructionDecode 1494188097 CP Demux1to16_MUSER_InstructionDecode \
      CP PULLUP CP AND4 CP AND2
FL D:/Users/Butle/Documents/exilinks/InstructionMem.vhf 2017/05/07.02:28:33 P.20131013
EN work/M2_1_MXILINX_InstructionMem 1494188099 \
      FL D:/Users/Butle/Documents/exilinks/InstructionMem.vhf \
      PB ieee/std_logic_1164 1381692176 PB ieee/NUMERIC_STD 1381692181 LB UNISIM \
      PH unisim/VCOMPONENTS 1381692182
AR work/M2_1_MXILINX_InstructionMem/BEHAVIORAL 1494188100 \
      FL D:/Users/Butle/Documents/exilinks/InstructionMem.vhf \
      EN work/M2_1_MXILINX_InstructionMem 1494188099 CP AND2B1 CP OR2 CP AND2
EN work/mux8x2to1_MUSER_InstructionMem 1494188101 \
      FL D:/Users/Butle/Documents/exilinks/InstructionMem.vhf \
      PB ieee/std_logic_1164 1381692176 PB ieee/NUMERIC_STD 1381692181 LB UNISIM \
      PH unisim/VCOMPONENTS 1381692182
AR work/mux8x2to1_MUSER_InstructionMem/BEHAVIORAL 1494188102 \
      FL D:/Users/Butle/Documents/exilinks/InstructionMem.vhf \
      EN work/mux8x2to1_MUSER_InstructionMem 1494188101 \
      CP M2_1_MXILINX_InstructionMem
EN work/InstructionMem 1494188103 \
      FL D:/Users/Butle/Documents/exilinks/InstructionMem.vhf \
      PB ieee/std_logic_1164 1381692176 PB ieee/NUMERIC_STD 1381692181 LB UNISIM \
      PH unisim/VCOMPONENTS 1381692182
AR work/InstructionMem/BEHAVIORAL 1494188104 \
      FL D:/Users/Butle/Documents/exilinks/InstructionMem.vhf \
      EN work/InstructionMem 1494188103 CP sRAM32x8_ex_pgm_instr CP PULLDOWN CP BUF \
      CP mux8x2to1_MUSER_InstructionMem CP INV
FL D:/Users/Butle/Documents/exilinks/KeyPad.vhf 2017/05/07.02:28:32 P.20131013
EN work/FD4CE_MXILINX_KeyPad 1494188105 \
      FL D:/Users/Butle/Documents/exilinks/KeyPad.vhf PB ieee/std_logic_1164 1381692176 \
      PB ieee/NUMERIC_STD 1381692181 LB UNISIM PH unisim/VCOMPONENTS 1381692182
AR work/FD4CE_MXILINX_KeyPad/BEHAVIORAL 1494188106 \
      FL D:/Users/Butle/Documents/exilinks/KeyPad.vhf \
      EN work/FD4CE_MXILINX_KeyPad 1494188105 CP FDCE
EN work/KeyPad 1494188107 \
      FL D:/Users/Butle/Documents/exilinks/KeyPad.vhf PB ieee/std_logic_1164 1381692176 \
      PB ieee/NUMERIC_STD 1381692181 LB UNISIM PH unisim/VCOMPONENTS 1381692182
AR work/KeyPad/BEHAVIORAL 1494188108 \
      FL D:/Users/Butle/Documents/exilinks/KeyPad.vhf EN work/KeyPad 1494188107 \
      CP keyCR4b CP FD4CE_MXILINX_KeyPad CP FD CP INV CP PULLDOWN
FL D:/Users/Butle/Documents/exilinks/Modules/bin2BCD3en.vhd 2017/05/05.21:12:25 P.20131013
EN work/bin2BCD3en 1494188025 \
      FL D:/Users/Butle/Documents/exilinks/Modules/bin2BCD3en.vhd \
      PB ieee/std_logic_1164 1381692176 PB ieee/std_logic_arith 1381692177 \
      PB ieee/STD_LOGIC_UNSIGNED 1381692179 LB UNISIM PH unisim/VCOMPONENTS 1381692182
AR work/bin2BCD3en/Behavioral 1494188026 \
      FL D:/Users/Butle/Documents/exilinks/Modules/bin2BCD3en.vhd \
      EN work/bin2BCD3en 1494188025
FL D:/Users/Butle/Documents/exilinks/Modules/CRenc4bin.vhd 2017/05/05.21:12:25 P.20131013
EN work/CRenc4bin 1494188019 \
      FL D:/Users/Butle/Documents/exilinks/Modules/CRenc4bin.vhd \
      PB ieee/std_logic_1164 1381692176 PB ieee/std_logic_arith 1381692177 \
      PB ieee/STD_LOGIC_UNSIGNED 1381692179
AR work/CRenc4bin/Behavioral 1494188020 \
      FL D:/Users/Butle/Documents/exilinks/Modules/CRenc4bin.vhd \
      EN work/CRenc4bin 1494188019
FL D:/Users/Butle/Documents/exilinks/Modules/DCM_50M.vhd 2017/05/05.21:12:25 P.20131013
EN work/DCM_50M 1494188035 \
      FL D:/Users/Butle/Documents/exilinks/Modules/DCM_50M.vhd \
      PB ieee/std_logic_1164 1381692176
AR work/DCM_50M/Behavioral 1494188036 \
      FL D:/Users/Butle/Documents/exilinks/Modules/DCM_50M.vhd EN work/DCM_50M 1494188035
FL D:/Users/Butle/Documents/exilinks/Modules/keyCR4b.vhd 2017/05/05.21:12:25 P.20131013
EN work/keyCR4b 1494188021 \
      FL D:/Users/Butle/Documents/exilinks/Modules/keyCR4b.vhd \
      PB ieee/std_logic_1164 1381692176 PB ieee/std_logic_arith 1381692177 \
      PB ieee/STD_LOGIC_UNSIGNED 1381692179
AR work/keyCR4b/Behavioral 1494188022 \
      FL D:/Users/Butle/Documents/exilinks/Modules/keyCR4b.vhd EN work/keyCR4b 1494188021 \
      CP CRenc4bin
FL D:/Users/Butle/Documents/exilinks/Modules/mux4SSD.vhd 2017/05/05.21:12:25 P.20131013
EN work/mux4SSD 1494188027 \
      FL D:/Users/Butle/Documents/exilinks/Modules/mux4SSD.vhd \
      PB ieee/std_logic_1164 1381692176 PB ieee/std_logic_arith 1381692177 \
      PB ieee/STD_LOGIC_UNSIGNED 1381692179
AR work/mux4SSD/Behavioral 1494188028 \
      FL D:/Users/Butle/Documents/exilinks/Modules/mux4SSD.vhd EN work/mux4SSD 1494188027
FL D:/Users/Butle/Documents/exilinks/Modules/sel_strobeB.vhd 2017/05/05.21:12:25 P.20131013
EN work/sel_strobeB 1494188029 \
      FL D:/Users/Butle/Documents/exilinks/Modules/sel_strobeB.vhd \
      PB ieee/std_logic_1164 1381692176 PB ieee/std_logic_arith 1381692177 \
      PB ieee/STD_LOGIC_UNSIGNED 1381692179
AR work/sel_strobeB/Behavioral 1494188030 \
      FL D:/Users/Butle/Documents/exilinks/Modules/sel_strobeB.vhd \
      EN work/sel_strobeB 1494188029
FL D:/Users/Butle/Documents/exilinks/Modules/sRAM32x8_ex_pgm_data.vhd 2017/05/05.21:12:25 P.20131013
EN work/sRAM32x8_ex_pgm_data 1494188031 \
      FL D:/Users/Butle/Documents/exilinks/Modules/sRAM32x8_ex_pgm_data.vhd \
      PB ieee/std_logic_1164 1381692176 PB ieee/NUMERIC_STD 1381692181 \
      PB ieee/STD_LOGIC_UNSIGNED 1381692179 LB UNISIM PH unisim/VCOMPONENTS 1381692182
AR work/sRAM32x8_ex_pgm_data/Behavioral 1494188032 \
      FL D:/Users/Butle/Documents/exilinks/Modules/sRAM32x8_ex_pgm_data.vhd \
      EN work/sRAM32x8_ex_pgm_data 1494188031
FL D:/Users/Butle/Documents/exilinks/Modules/sRAM32x8_ex_pgm_instr.vhd 2017/05/05.21:12:25 P.20131013
EN work/sRAM32x8_ex_pgm_instr 1494188023 \
      FL D:/Users/Butle/Documents/exilinks/Modules/sRAM32x8_ex_pgm_instr.vhd \
      PB ieee/std_logic_1164 1381692176 PB ieee/NUMERIC_STD 1381692181 \
      PB ieee/STD_LOGIC_UNSIGNED 1381692179 LB UNISIM PH unisim/VCOMPONENTS 1381692182
AR work/sRAM32x8_ex_pgm_instr/Behavioral 1494188024 \
      FL D:/Users/Butle/Documents/exilinks/Modules/sRAM32x8_ex_pgm_instr.vhd \
      EN work/sRAM32x8_ex_pgm_instr 1494188023
FL D:/Users/Butle/Documents/exilinks/Modules/SSD_1dig.vhd 2017/05/05.21:12:25 P.20131013
EN work/SSD_1dig 1494188033 \
      FL D:/Users/Butle/Documents/exilinks/Modules/SSD_1dig.vhd \
      PB ieee/std_logic_1164 1381692176 PB ieee/std_logic_arith 1381692177 \
      PB ieee/STD_LOGIC_UNSIGNED 1381692179
AR work/SSD_1dig/Behavioral 1494188034 \
      FL D:/Users/Butle/Documents/exilinks/Modules/SSD_1dig.vhd EN work/SSD_1dig 1494188033
FL D:/Users/Butle/Documents/exilinks/mux4x2to1.vhf 2017/05/07.02:28:33 P.20131013
EN work/M2_1_MXILINX_mux4x2to1 1494188129 \
      FL D:/Users/Butle/Documents/exilinks/mux4x2to1.vhf PB ieee/std_logic_1164 1381692176 \
      PB ieee/NUMERIC_STD 1381692181 LB UNISIM PH unisim/VCOMPONENTS 1381692182
AR work/M2_1_MXILINX_mux4x2to1/BEHAVIORAL 1494188130 \
      FL D:/Users/Butle/Documents/exilinks/mux4x2to1.vhf \
      EN work/M2_1_MXILINX_mux4x2to1 1494188129 CP AND2B1 CP OR2 CP AND2
EN work/mux4x2to1 1494188131 \
      FL D:/Users/Butle/Documents/exilinks/mux4x2to1.vhf PB ieee/std_logic_1164 1381692176 \
      PB ieee/NUMERIC_STD 1381692181 LB UNISIM PH unisim/VCOMPONENTS 1381692182
AR work/mux4x2to1/BEHAVIORAL 1494188132 \
      FL D:/Users/Butle/Documents/exilinks/mux4x2to1.vhf EN work/mux4x2to1 1494188131 \
      CP M2_1_MXILINX_mux4x2to1
FL D:/Users/Butle/Documents/exilinks/mux8x2to1.vhf 2017/05/07.02:28:32 P.20131013
EN work/M2_1_MXILINX_mux8x2to1 1494188133 \
      FL D:/Users/Butle/Documents/exilinks/mux8x2to1.vhf PB ieee/std_logic_1164 1381692176 \
      PB ieee/NUMERIC_STD 1381692181 LB UNISIM PH unisim/VCOMPONENTS 1381692182
AR work/M2_1_MXILINX_mux8x2to1/BEHAVIORAL 1494188134 \
      FL D:/Users/Butle/Documents/exilinks/mux8x2to1.vhf \
      EN work/M2_1_MXILINX_mux8x2to1 1494188133 CP AND2B1 CP OR2 CP AND2
EN work/mux8x2to1 1494188135 \
      FL D:/Users/Butle/Documents/exilinks/mux8x2to1.vhf PB ieee/std_logic_1164 1381692176 \
      PB ieee/NUMERIC_STD 1381692181 LB UNISIM PH unisim/VCOMPONENTS 1381692182
AR work/mux8x2to1/BEHAVIORAL 1494188136 \
      FL D:/Users/Butle/Documents/exilinks/mux8x2to1.vhf EN work/mux8x2to1 1494188135 \
      CP M2_1_MXILINX_mux8x2to1
FL D:/Users/Butle/Documents/exilinks/ProgramCounter.vhf 2017/05/07.13:13:32 P.20131013
EN work/M2_1_MXILINX_ProgramCounter 1494188109 \
      FL D:/Users/Butle/Documents/exilinks/ProgramCounter.vhf \
      PB ieee/std_logic_1164 1381692176 PB ieee/NUMERIC_STD 1381692181 LB UNISIM \
      PH unisim/VCOMPONENTS 1381692182
AR work/M2_1_MXILINX_ProgramCounter/BEHAVIORAL 1494188110 \
      FL D:/Users/Butle/Documents/exilinks/ProgramCounter.vhf \
      EN work/M2_1_MXILINX_ProgramCounter 1494188109 CP AND2B1 CP OR2 CP AND2
EN work/mux8x2to1_MUSER_ProgramCounter 1494188111 \
      FL D:/Users/Butle/Documents/exilinks/ProgramCounter.vhf \
      PB ieee/std_logic_1164 1381692176 PB ieee/NUMERIC_STD 1381692181 LB UNISIM \
      PH unisim/VCOMPONENTS 1381692182
AR work/mux8x2to1_MUSER_ProgramCounter/BEHAVIORAL 1494188112 \
      FL D:/Users/Butle/Documents/exilinks/ProgramCounter.vhf \
      EN work/mux8x2to1_MUSER_ProgramCounter 1494188111 \
      CP M2_1_MXILINX_ProgramCounter
EN work/FJKC_MXILINX_ProgramCounter 1494188113 \
      FL D:/Users/Butle/Documents/exilinks/ProgramCounter.vhf \
      PB ieee/std_logic_1164 1381692176 PB ieee/NUMERIC_STD 1381692181 LB UNISIM \
      PH unisim/VCOMPONENTS 1381692182
AR work/FJKC_MXILINX_ProgramCounter/BEHAVIORAL 1494188114 \
      FL D:/Users/Butle/Documents/exilinks/ProgramCounter.vhf \
      EN work/FJKC_MXILINX_ProgramCounter 1494188113 CP FDC CP AND3B2 CP AND3B1 \
      CP OR3 CP AND2B1
EN work/M2_1B1_MXILINX_ProgramCounter 1494188115 \
      FL D:/Users/Butle/Documents/exilinks/ProgramCounter.vhf \
      PB ieee/std_logic_1164 1381692176 PB ieee/NUMERIC_STD 1381692181 LB UNISIM \
      PH unisim/VCOMPONENTS 1381692182
AR work/M2_1B1_MXILINX_ProgramCounter/BEHAVIORAL 1494188116 \
      FL D:/Users/Butle/Documents/exilinks/ProgramCounter.vhf \
      EN work/M2_1B1_MXILINX_ProgramCounter 1494188115 CP AND2B2 CP OR2 CP AND2
EN work/FTCLEX_MXILINX_ProgramCounter 1494188117 \
      FL D:/Users/Butle/Documents/exilinks/ProgramCounter.vhf \
      PB ieee/std_logic_1164 1381692176 PB ieee/NUMERIC_STD 1381692181 LB UNISIM \
      PH unisim/VCOMPONENTS 1381692182
AR work/FTCLEX_MXILINX_ProgramCounter/BEHAVIORAL 1494188118 \
      FL D:/Users/Butle/Documents/exilinks/ProgramCounter.vhf \
      EN work/FTCLEX_MXILINX_ProgramCounter 1494188117 \
      CP M2_1_MXILINX_ProgramCounter CP XOR2 CP FDCE
EN work/CB8CLED_MXILINX_ProgramCounter 1494188119 \
      FL D:/Users/Butle/Documents/exilinks/ProgramCounter.vhf \
      PB ieee/std_logic_1164 1381692176 PB ieee/NUMERIC_STD 1381692181 LB UNISIM \
      PH unisim/VCOMPONENTS 1381692182
AR work/CB8CLED_MXILINX_ProgramCounter/BEHAVIORAL 1494188120 \
      FL D:/Users/Butle/Documents/exilinks/ProgramCounter.vhf \
      EN work/CB8CLED_MXILINX_ProgramCounter 1494188119 \
      CP FTCLEX_MXILINX_ProgramCounter CP M2_1_MXILINX_ProgramCounter \
      CP M2_1B1_MXILINX_ProgramCounter CP AND5 CP AND4 CP AND4B3 CP AND2B2 CP VCC \
      CP AND2B1 CP AND3 CP AND3B2 CP AND3B3 CP AND4B4 CP AND2 CP AND5B4 CP OR2
EN work/ProgramCounter 1494188121 \
      FL D:/Users/Butle/Documents/exilinks/ProgramCounter.vhf \
      PB ieee/std_logic_1164 1381692176 PB ieee/NUMERIC_STD 1381692181 LB UNISIM \
      PH unisim/VCOMPONENTS 1381692182
AR work/ProgramCounter/BEHAVIORAL 1494188122 \
      FL D:/Users/Butle/Documents/exilinks/ProgramCounter.vhf \
      EN work/ProgramCounter 1494188121 CP INV CP CB8CLED_MXILINX_ProgramCounter \
      CP OR2 CP FJKC_MXILINX_ProgramCounter CP PULLUP \
      CP M2_1_MXILINX_ProgramCounter CP AND2B1 CP mux8x2to1_MUSER_ProgramCounter
FL D:/Users/Butle/Documents/exilinks/RegisterGeneric.vhf 2017/05/07.02:28:34 P.20131013
EN work/FD8CE_MXILINX_RegisterGeneric 1494188123 \
      FL D:/Users/Butle/Documents/exilinks/RegisterGeneric.vhf \
      PB ieee/std_logic_1164 1381692176 PB ieee/NUMERIC_STD 1381692181 LB UNISIM \
      PH unisim/VCOMPONENTS 1381692182
AR work/FD8CE_MXILINX_RegisterGeneric/BEHAVIORAL 1494188124 \
      FL D:/Users/Butle/Documents/exilinks/RegisterGeneric.vhf \
      EN work/FD8CE_MXILINX_RegisterGeneric 1494188123 CP FDCE
EN work/RegisterGeneric 1494188125 \
      FL D:/Users/Butle/Documents/exilinks/RegisterGeneric.vhf \
      PB ieee/std_logic_1164 1381692176 PB ieee/NUMERIC_STD 1381692181 LB UNISIM \
      PH unisim/VCOMPONENTS 1381692182
AR work/RegisterGeneric/BEHAVIORAL 1494188126 \
      FL D:/Users/Butle/Documents/exilinks/RegisterGeneric.vhf \
      EN work/RegisterGeneric 1494188125 CP FD8CE_MXILINX_RegisterGeneric \
      CP PULLUP
FL D:/Users/Butle/Documents/exilinks/toplevel.vhf 2017/05/07.13:13:36 P.20131013
EN work/InputState_MUSER_toplevel 1494188037 \
      FL D:/Users/Butle/Documents/exilinks/toplevel.vhf PB ieee/std_logic_1164 1381692176 \
      PB ieee/NUMERIC_STD 1381692181 LB UNISIM PH unisim/VCOMPONENTS 1381692182
AR work/InputState_MUSER_toplevel/BEHAVIORAL 1494188038 \
      FL D:/Users/Butle/Documents/exilinks/toplevel.vhf \
      EN work/InputState_MUSER_toplevel 1494188037 CP AND2 CP OR2 CP AND2B1 CP INV
EN work/FD8CE_MXILINX_toplevel 1494188039 \
      FL D:/Users/Butle/Documents/exilinks/toplevel.vhf PB ieee/std_logic_1164 1381692176 \
      PB ieee/NUMERIC_STD 1381692181 LB UNISIM PH unisim/VCOMPONENTS 1381692182
AR work/FD8CE_MXILINX_toplevel/BEHAVIORAL 1494188040 \
      FL D:/Users/Butle/Documents/exilinks/toplevel.vhf \
      EN work/FD8CE_MXILINX_toplevel 1494188039 CP FDCE
EN work/RegisterGeneric_MUSER_toplevel 1494188041 \
      FL D:/Users/Butle/Documents/exilinks/toplevel.vhf PB ieee/std_logic_1164 1381692176 \
      PB ieee/NUMERIC_STD 1381692181 LB UNISIM PH unisim/VCOMPONENTS 1381692182
AR work/RegisterGeneric_MUSER_toplevel/BEHAVIORAL 1494188042 \
      FL D:/Users/Butle/Documents/exilinks/toplevel.vhf \
      EN work/RegisterGeneric_MUSER_toplevel 1494188041 CP FD8CE_MXILINX_toplevel \
      CP PULLUP
EN work/Demux1to16_MUSER_toplevel 1494188043 \
      FL D:/Users/Butle/Documents/exilinks/toplevel.vhf PB ieee/std_logic_1164 1381692176 \
      PB ieee/NUMERIC_STD 1381692181 LB UNISIM PH unisim/VCOMPONENTS 1381692182
AR work/Demux1to16_MUSER_toplevel/BEHAVIORAL 1494188044 \
      FL D:/Users/Butle/Documents/exilinks/toplevel.vhf \
      EN work/Demux1to16_MUSER_toplevel 1494188043 CP AND5 CP INV
EN work/InstructionDecode_MUSER_toplevel 1494188045 \
      FL D:/Users/Butle/Documents/exilinks/toplevel.vhf PB ieee/std_logic_1164 1381692176 \
      PB ieee/NUMERIC_STD 1381692181 LB UNISIM PH unisim/VCOMPONENTS 1381692182
AR work/InstructionDecode_MUSER_toplevel/BEHAVIORAL 1494188046 \
      FL D:/Users/Butle/Documents/exilinks/toplevel.vhf \
      EN work/InstructionDecode_MUSER_toplevel 1494188045 \
      CP Demux1to16_MUSER_toplevel CP PULLUP CP AND4 CP AND2
EN work/M2_1_MXILINX_toplevel 1494188047 \
      FL D:/Users/Butle/Documents/exilinks/toplevel.vhf PB ieee/std_logic_1164 1381692176 \
      PB ieee/NUMERIC_STD 1381692181 LB UNISIM PH unisim/VCOMPONENTS 1381692182
AR work/M2_1_MXILINX_toplevel/BEHAVIORAL 1494188048 \
      FL D:/Users/Butle/Documents/exilinks/toplevel.vhf \
      EN work/M2_1_MXILINX_toplevel 1494188047 CP AND2B1 CP OR2 CP AND2
EN work/mux8x2to1_MUSER_toplevel 1494188049 \
      FL D:/Users/Butle/Documents/exilinks/toplevel.vhf PB ieee/std_logic_1164 1381692176 \
      PB ieee/NUMERIC_STD 1381692181 LB UNISIM PH unisim/VCOMPONENTS 1381692182
AR work/mux8x2to1_MUSER_toplevel/BEHAVIORAL 1494188050 \
      FL D:/Users/Butle/Documents/exilinks/toplevel.vhf \
      EN work/mux8x2to1_MUSER_toplevel 1494188049 CP M2_1_MXILINX_toplevel
EN work/DataMem_MUSER_toplevel 1494188051 \
      FL D:/Users/Butle/Documents/exilinks/toplevel.vhf PB ieee/std_logic_1164 1381692176 \
      PB ieee/NUMERIC_STD 1381692181 LB UNISIM PH unisim/VCOMPONENTS 1381692182
AR work/DataMem_MUSER_toplevel/BEHAVIORAL 1494188052 \
      FL D:/Users/Butle/Documents/exilinks/toplevel.vhf \
      EN work/DataMem_MUSER_toplevel 1494188051 CP sRAM32x8_ex_pgm_data \
      CP PULLDOWN CP mux8x2to1_MUSER_toplevel CP INV
EN work/InstructionMem_MUSER_toplevel 1494188053 \
      FL D:/Users/Butle/Documents/exilinks/toplevel.vhf PB ieee/std_logic_1164 1381692176 \
      PB ieee/NUMERIC_STD 1381692181 LB UNISIM PH unisim/VCOMPONENTS 1381692182
AR work/InstructionMem_MUSER_toplevel/BEHAVIORAL 1494188054 \
      FL D:/Users/Butle/Documents/exilinks/toplevel.vhf \
      EN work/InstructionMem_MUSER_toplevel 1494188053 CP sRAM32x8_ex_pgm_instr \
      CP PULLDOWN CP BUF CP mux8x2to1_MUSER_toplevel CP INV
EN work/mux4x2to1_MUSER_toplevel 1494188055 \
      FL D:/Users/Butle/Documents/exilinks/toplevel.vhf PB ieee/std_logic_1164 1381692176 \
      PB ieee/NUMERIC_STD 1381692181 LB UNISIM PH unisim/VCOMPONENTS 1381692182
AR work/mux4x2to1_MUSER_toplevel/BEHAVIORAL 1494188056 \
      FL D:/Users/Butle/Documents/exilinks/toplevel.vhf \
      EN work/mux4x2to1_MUSER_toplevel 1494188055 CP M2_1_MXILINX_toplevel
EN work/DisplayNumbers_MUSER_toplevel 1494188057 \
      FL D:/Users/Butle/Documents/exilinks/toplevel.vhf PB ieee/std_logic_1164 1381692176 \
      PB ieee/NUMERIC_STD 1381692181 LB UNISIM PH unisim/VCOMPONENTS 1381692182
AR work/DisplayNumbers_MUSER_toplevel/BEHAVIORAL 1494188058 \
      FL D:/Users/Butle/Documents/exilinks/toplevel.vhf \
      EN work/DisplayNumbers_MUSER_toplevel 1494188057 CP bin2BCD3en CP mux4SSD \
      CP mux8x2to1_MUSER_toplevel CP sel_strobeB CP PULLUP \
      CP mux4x2to1_MUSER_toplevel CP M2_1_MXILINX_toplevel CP PULLDOWN
EN work/FJKC_MXILINX_toplevel 1494188059 \
      FL D:/Users/Butle/Documents/exilinks/toplevel.vhf PB ieee/std_logic_1164 1381692176 \
      PB ieee/NUMERIC_STD 1381692181 LB UNISIM PH unisim/VCOMPONENTS 1381692182
AR work/FJKC_MXILINX_toplevel/BEHAVIORAL 1494188060 \
      FL D:/Users/Butle/Documents/exilinks/toplevel.vhf \
      EN work/FJKC_MXILINX_toplevel 1494188059 CP FDC CP AND3B2 CP AND3B1 CP OR3 \
      CP AND2B1
EN work/M2_1B1_MXILINX_toplevel 1494188061 \
      FL D:/Users/Butle/Documents/exilinks/toplevel.vhf PB ieee/std_logic_1164 1381692176 \
      PB ieee/NUMERIC_STD 1381692181 LB UNISIM PH unisim/VCOMPONENTS 1381692182
AR work/M2_1B1_MXILINX_toplevel/BEHAVIORAL 1494188062 \
      FL D:/Users/Butle/Documents/exilinks/toplevel.vhf \
      EN work/M2_1B1_MXILINX_toplevel 1494188061 CP AND2B2 CP OR2 CP AND2
EN work/FTCLEX_MXILINX_toplevel 1494188063 \
      FL D:/Users/Butle/Documents/exilinks/toplevel.vhf PB ieee/std_logic_1164 1381692176 \
      PB ieee/NUMERIC_STD 1381692181 LB UNISIM PH unisim/VCOMPONENTS 1381692182
AR work/FTCLEX_MXILINX_toplevel/BEHAVIORAL 1494188064 \
      FL D:/Users/Butle/Documents/exilinks/toplevel.vhf \
      EN work/FTCLEX_MXILINX_toplevel 1494188063 CP M2_1_MXILINX_toplevel CP XOR2 \
      CP FDCE
EN work/CB8CLED_MXILINX_toplevel 1494188065 \
      FL D:/Users/Butle/Documents/exilinks/toplevel.vhf PB ieee/std_logic_1164 1381692176 \
      PB ieee/NUMERIC_STD 1381692181 LB UNISIM PH unisim/VCOMPONENTS 1381692182
AR work/CB8CLED_MXILINX_toplevel/BEHAVIORAL 1494188066 \
      FL D:/Users/Butle/Documents/exilinks/toplevel.vhf \
      EN work/CB8CLED_MXILINX_toplevel 1494188065 CP FTCLEX_MXILINX_toplevel \
      CP M2_1_MXILINX_toplevel CP M2_1B1_MXILINX_toplevel CP AND5 CP AND4 CP AND4B3 \
      CP AND2B2 CP VCC CP AND2B1 CP AND3 CP AND3B2 CP AND3B3 CP AND4B4 CP AND2 CP AND5B4 \
      CP OR2
EN work/ProgramCounter_MUSER_toplevel 1494188067 \
      FL D:/Users/Butle/Documents/exilinks/toplevel.vhf PB ieee/std_logic_1164 1381692176 \
      PB ieee/NUMERIC_STD 1381692181 LB UNISIM PH unisim/VCOMPONENTS 1381692182
AR work/ProgramCounter_MUSER_toplevel/BEHAVIORAL 1494188068 \
      FL D:/Users/Butle/Documents/exilinks/toplevel.vhf \
      EN work/ProgramCounter_MUSER_toplevel 1494188067 CP INV \
      CP CB8CLED_MXILINX_toplevel CP OR2 CP FJKC_MXILINX_toplevel CP PULLUP \
      CP M2_1_MXILINX_toplevel CP AND2B1 CP mux8x2to1_MUSER_toplevel
EN work/M2_1E_MXILINX_toplevel 1494188069 \
      FL D:/Users/Butle/Documents/exilinks/toplevel.vhf PB ieee/std_logic_1164 1381692176 \
      PB ieee/NUMERIC_STD 1381692181 LB UNISIM PH unisim/VCOMPONENTS 1381692182
AR work/M2_1E_MXILINX_toplevel/BEHAVIORAL 1494188070 \
      FL D:/Users/Butle/Documents/exilinks/toplevel.vhf \
      EN work/M2_1E_MXILINX_toplevel 1494188069 CP AND3 CP AND3B1 CP OR2
EN work/M4_1E_MXILINX_toplevel 1494188071 \
      FL D:/Users/Butle/Documents/exilinks/toplevel.vhf PB ieee/std_logic_1164 1381692176 \
      PB ieee/NUMERIC_STD 1381692181 LB UNISIM PH unisim/VCOMPONENTS 1381692182
AR work/M4_1E_MXILINX_toplevel/BEHAVIORAL 1494188072 \
      FL D:/Users/Butle/Documents/exilinks/toplevel.vhf \
      EN work/M4_1E_MXILINX_toplevel 1494188071 CP M2_1E_MXILINX_toplevel CP MUXF5
EN work/FD4CE_MXILINX_toplevel 1494188073 \
      FL D:/Users/Butle/Documents/exilinks/toplevel.vhf PB ieee/std_logic_1164 1381692176 \
      PB ieee/NUMERIC_STD 1381692181 LB UNISIM PH unisim/VCOMPONENTS 1381692182
AR work/FD4CE_MXILINX_toplevel/BEHAVIORAL 1494188074 \
      FL D:/Users/Butle/Documents/exilinks/toplevel.vhf \
      EN work/FD4CE_MXILINX_toplevel 1494188073 CP FDCE
EN work/KeyPad_MUSER_toplevel 1494188075 \
      FL D:/Users/Butle/Documents/exilinks/toplevel.vhf PB ieee/std_logic_1164 1381692176 \
      PB ieee/NUMERIC_STD 1381692181 LB UNISIM PH unisim/VCOMPONENTS 1381692182
AR work/KeyPad_MUSER_toplevel/BEHAVIORAL 1494188076 \
      FL D:/Users/Butle/Documents/exilinks/toplevel.vhf \
      EN work/KeyPad_MUSER_toplevel 1494188075 CP keyCR4b \
      CP FD4CE_MXILINX_toplevel CP FD CP INV CP PULLDOWN
EN work/toplevel 1494188077 \
      FL D:/Users/Butle/Documents/exilinks/toplevel.vhf PB ieee/std_logic_1164 1381692176 \
      PB ieee/NUMERIC_STD 1381692181 LB UNISIM PH unisim/VCOMPONENTS 1381692182
AR work/toplevel/BEHAVIORAL 1494188078 \
      FL D:/Users/Butle/Documents/exilinks/toplevel.vhf EN work/toplevel 1494188077 \
      CP SSD_1dig CP DCM_50M CP PULLUP CP KeyPad_MUSER_toplevel \
      CP M4_1E_MXILINX_toplevel CP ProgramCounter_MUSER_toplevel \
      CP InstructionMem_MUSER_toplevel CP DisplayNumbers_MUSER_toplevel \
      CP DataMem_MUSER_toplevel CP PULLDOWN CP InstructionDecode_MUSER_toplevel \
      CP AND2 CP INV CP RegisterGeneric_MUSER_toplevel CP InputState_MUSER_toplevel
